gsm_hardware_layer.c:23:6:gsm_hardware_init	8	static
gsm_hardware_layer.c:28:13:gsm_urc_queue_push	16	static
gsm_hardware_layer.c:42:13:gsm_urc_queue_pop	16	static
gsm_hardware_layer.c:56:6:gsm_hardware_process_urc	376	static
gsm_hardware_layer.c:270:6:gsm_hardware_urc_get_line	16	static
gsm_hardware_layer.c:274:9:gsm_hardware_urc_available	4	static
gsm_hardware_layer.c:278:6:gsm_hardware_urc_reset	4	static
gsm_hardware_layer.c:285:6:gsm_hardware_send	16	static
gsm_hardware_layer.c:289:6:send_at_comand	16	static
gsm_hardware_layer.c:293:6:send_to_debug	32	static
gsm_hardware_layer.c:301:6:gsm_hardware_send_byte	16	static
gsm_hardware_layer.c:306:6:gsm_fetch_line	16	static
gsm_hardware_layer.c:314:6:log_raw_line	16	static
gsm_hardware_layer.c:319:6:delete_line	16	static
