Archive member included to satisfy reference by file (symbol)

c:/program files (x86)/atollic/truestudio for stm32 9.3.0/armtools/bin/../lib/gcc/arm-atollic-eabi/6.3.1/../../../../arm-atollic-eabi/lib/armv7-m\libc.a(lib_a-atoi.o)
                              user\user\gsm\gsm_urc.o (atoi)
c:/program files (x86)/atollic/truestudio for stm32 9.3.0/armtools/bin/../lib/gcc/arm-atollic-eabi/6.3.1/../../../../arm-atollic-eabi/lib/armv7-m\libc.a(lib_a-init.o)
                              src\startup_stm32f10x_md.o (__libc_init_array)
c:/program files (x86)/atollic/truestudio for stm32 9.3.0/armtools/bin/../lib/gcc/arm-atollic-eabi/6.3.1/../../../../arm-atollic-eabi/lib/armv7-m\libc.a(lib_a-memcmp.o)
                              user\user\gsm\gsm_http\gsm_http.o (memcmp)
c:/program files (x86)/atollic/truestudio for stm32 9.3.0/armtools/bin/../lib/gcc/arm-atollic-eabi/6.3.1/../../../../arm-atollic-eabi/lib/armv7-m\libc.a(lib_a-memcpy-stub.o)
                              user\third_party\ringbuff\ringbuff.o (memcpy)
c:/program files (x86)/atollic/truestudio for stm32 9.3.0/armtools/bin/../lib/gcc/arm-atollic-eabi/6.3.1/../../../../arm-atollic-eabi/lib/armv7-m\libc.a(lib_a-memset.o)
                              user\third_party\ringbuff\ringbuff.o (memset)
c:/program files (x86)/atollic/truestudio for stm32 9.3.0/armtools/bin/../lib/gcc/arm-atollic-eabi/6.3.1/../../../../arm-atollic-eabi/lib/armv7-m\libc.a(lib_a-snprintf.o)
                              src\main.o (snprintf)
c:/program files (x86)/atollic/truestudio for stm32 9.3.0/armtools/bin/../lib/gcc/arm-atollic-eabi/6.3.1/../../../../arm-atollic-eabi/lib/armv7-m\libc.a(lib_a-sscanf.o)
                              user\user\gsm\gsm_http\gsm_http.o (sscanf)
c:/program files (x86)/atollic/truestudio for stm32 9.3.0/armtools/bin/../lib/gcc/arm-atollic-eabi/6.3.1/../../../../arm-atollic-eabi/lib/armv7-m\libc.a(lib_a-stdio.o)
                              c:/program files (x86)/atollic/truestudio for stm32 9.3.0/armtools/bin/../lib/gcc/arm-atollic-eabi/6.3.1/../../../../arm-atollic-eabi/lib/armv7-m\libc.a(lib_a-sscanf.o) (__seofread)
c:/program files (x86)/atollic/truestudio for stm32 9.3.0/armtools/bin/../lib/gcc/arm-atollic-eabi/6.3.1/../../../../arm-atollic-eabi/lib/armv7-m\libc.a(lib_a-strchr.o)
                              user\user\app_mqtt_led.o (strchr)
c:/program files (x86)/atollic/truestudio for stm32 9.3.0/armtools/bin/../lib/gcc/arm-atollic-eabi/6.3.1/../../../../arm-atollic-eabi/lib/armv7-m\libc.a(lib_a-strcmp.o)
                              src\main.o (strcmp)
c:/program files (x86)/atollic/truestudio for stm32 9.3.0/armtools/bin/../lib/gcc/arm-atollic-eabi/6.3.1/../../../../arm-atollic-eabi/lib/armv7-m\libc.a(lib_a-strlen.o)
                              src\tiny_printf.o (strlen)
c:/program files (x86)/atollic/truestudio for stm32 9.3.0/armtools/bin/../lib/gcc/arm-atollic-eabi/6.3.1/../../../../arm-atollic-eabi/lib/armv7-m\libc.a(lib_a-strncmp.o)
                              src\main.o (strncmp)
c:/program files (x86)/atollic/truestudio for stm32 9.3.0/armtools/bin/../lib/gcc/arm-atollic-eabi/6.3.1/../../../../arm-atollic-eabi/lib/armv7-m\libc.a(lib_a-strncpy.o)
                              user\user\gsm\gsm_hardware_layer.o (strncpy)
c:/program files (x86)/atollic/truestudio for stm32 9.3.0/armtools/bin/../lib/gcc/arm-atollic-eabi/6.3.1/../../../../arm-atollic-eabi/lib/armv7-m\libc.a(lib_a-strstr.o)
                              user\user\app_mqtt_led.o (strstr)
c:/program files (x86)/atollic/truestudio for stm32 9.3.0/armtools/bin/../lib/gcc/arm-atollic-eabi/6.3.1/../../../../arm-atollic-eabi/lib/armv7-m\libc.a(lib_a-strtol.o)
                              c:/program files (x86)/atollic/truestudio for stm32 9.3.0/armtools/bin/../lib/gcc/arm-atollic-eabi/6.3.1/../../../../arm-atollic-eabi/lib/armv7-m\libc.a(lib_a-atoi.o) (_strtol_r)
c:/program files (x86)/atollic/truestudio for stm32 9.3.0/armtools/bin/../lib/gcc/arm-atollic-eabi/6.3.1/../../../../arm-atollic-eabi/lib/armv7-m\libc.a(lib_a-svfprintf.o)
                              c:/program files (x86)/atollic/truestudio for stm32 9.3.0/armtools/bin/../lib/gcc/arm-atollic-eabi/6.3.1/../../../../arm-atollic-eabi/lib/armv7-m\libc.a(lib_a-snprintf.o) (_svfprintf_r)
c:/program files (x86)/atollic/truestudio for stm32 9.3.0/armtools/bin/../lib/gcc/arm-atollic-eabi/6.3.1/../../../../arm-atollic-eabi/lib/armv7-m\libc.a(lib_a-svfscanf.o)
                              c:/program files (x86)/atollic/truestudio for stm32 9.3.0/armtools/bin/../lib/gcc/arm-atollic-eabi/6.3.1/../../../../arm-atollic-eabi/lib/armv7-m\libc.a(lib_a-sscanf.o) (__ssvfscanf_r)
c:/program files (x86)/atollic/truestudio for stm32 9.3.0/armtools/bin/../lib/gcc/arm-atollic-eabi/6.3.1/../../../../arm-atollic-eabi/lib/armv7-m\libc.a(lib_a-writer.o)
[...]
Memory Configuration

Name             Origin             Length             Attributes
FLASH            0x08000000         0x00010000         xr
RAM              0x20000000         0x00005000         xrw
MEMORY_B1        0x60000000         0x00000000         xr
*default*        0x00000000         0xffffffff

Linker script and memory map

LOAD c:/program files (x86)/atollic/truestudio for stm32 9.3.0/armtools/bin/../lib/gcc/arm-atollic-eabi/6.3.1/armv7-m/crti.o
LOAD c:/program files (x86)/atollic/truestudio for stm32 9.3.0/armtools/bin/../lib/gcc/arm-atollic-eabi/6.3.1/armv7-m/crtbegin.o
LOAD Libraries\STM32F10x_StdPeriph_Driver\src\misc.o
LOAD Libraries\STM32F10x_StdPeriph_Driver\src\stm32f10x_adc.o
LOAD Libraries\STM32F10x_StdPeriph_Driver\src\stm32f10x_bkp.o
LOAD Libraries\STM32F10x_StdPeriph_Driver\src\stm32f10x_can.o
LOAD Libraries\STM32F10x_StdPeriph_Driver\src\stm32f10x_cec.o
LOAD Libraries\STM32F10x_StdPeriph_Driver\src\stm32f10x_crc.o
LOAD Libraries\STM32F10x_StdPeriph_Driver\src\stm32f10x_dac.o
LOAD Libraries\STM32F10x_StdPeriph_Driver\src\stm32f10x_dbgmcu.o
LOAD Libraries\STM32F10x_StdPeriph_Driver\src\stm32f10x_dma.o
LOAD Libraries\STM32F10x_StdPeriph_Driver\src\stm32f10x_exti.o
LOAD Libraries\STM32F10x_StdPeriph_Driver\src\stm32f10x_flash.o
LOAD Libraries\STM32F10x_StdPeriph_Driver\src\stm32f10x_fsmc.o
LOAD Libraries\STM32F10x_StdPeriph_Driver\src\stm32f10x_gpio.o
LOAD Libraries\STM32F10x_StdPeriph_Driver\src\stm32f10x_i2c.o
LOAD Libraries\STM32F10x_StdPeriph_Driver\src\stm32f10x_iwdg.o
LOAD Libraries\STM32F10x_StdPeriph_Driver\src\stm32f10x_pwr.o
LOAD Libraries\STM32F10x_StdPeriph_Driver\src\stm32f10x_rcc.o
LOAD Libraries\STM32F10x_StdPeriph_Driver\src\stm32f10x_rtc.o
LOAD Libraries\STM32F10x_StdPeriph_Driver\src\stm32f10x_sdio.o
LOAD Libraries\STM32F10x_StdPeriph_Driver\src\stm32f10x_spi.o
LOAD Libraries\STM32F10x_StdPeriph_Driver\src\stm32f10x_tim.o
LOAD Libraries\STM32F10x_StdPeriph_Driver\src\stm32f10x_usart.o
LOAD Libraries\STM32F10x_StdPeriph_Driver\src\stm32f10x_wwdg.o
LOAD src\main.o
LOAD src\startup_stm32f10x_md.o
LOAD src\stm32f1xx_it.o
LOAD src\system_stm32f10x.o
LOAD src\tiny_printf.o
LOAD user\third_party\jsmn\jsmn.o
LOAD user\third_party\ringbuff\ringbuff.o
LOAD user\user\app_debug\debug.o
LOAD user\user\app_mqtt_led.o
LOAD user\user\app_mqtt_test.o
LOAD user\user\driver\flash_inter\flash.o
LOAD user\user\driver\hardware.o
LOAD user\user\driver\led\led.o
LOAD user\user\driver\spi\spi.o
LOAD user\user\driver\uart\uart.o
LOAD user\user\driver\w25Qx\w25Qx.o
LOAD user\user\gsm\gsm_hardware_layer.o
LOAD user\user\gsm\gsm_http\gsm_http.o
LOAD user\user\gsm\gsm_mqtt\gsm_mqtt.o
LOAD user\user\gsm\gsm_mqtt_tcp\gsm_mqtt_tcp.o
LOAD user\user\gsm\gsm_network\gsm_nw.o
LOAD user\user\gsm\gsm_sms\gsm_sms_recive.o
LOAD user\user\gsm\gsm_sms\gsm_sms_send.o
LOAD user\user\gsm\gsm_urc.o
                0x00000080                malloc_getpagesize_P = 0x80
START GROUP
LOAD c:/program files (x86)/atollic/truestudio for stm32 9.3.0/armtools/bin/../lib/gcc/arm-atollic-eabi/6.3.1/../../../../arm-atollic-eabi/lib/armv7-m\libc.a
LOAD c:/program files (x86)/atollic/truestudio for stm32 9.3.0/armtools/bin/../lib/gcc/arm-atollic-eabi/6.3.1/../../../../arm-atollic-eabi/lib/armv7-m\libm.a
END GROUP
START GROUP
LOAD c:/program files (x86)/atollic/truestudio for stm32 9.3.0/armtools/bin/../lib/gcc/arm-atollic-eabi/6.3.1/armv7-m\libgcc.a
LOAD c:/program files (x86)/atollic/truestudio for stm32 9.3.0/armtools/bin/../lib/gcc/arm-atollic-eabi/6.3.1/../../../../arm-atollic-eabi/lib/armv7-m\libc.a
END GROUP
START GROUP
LOAD c:/program files (x86)/atollic/truestudio for stm32 9.3.0/armtools/bin/../lib/gcc/arm-atollic-eabi/6.3.1/armv7-m\libgcc.a
LOAD c:/program files (x86)/atollic/truestudio for stm32 9.3.0/armtools/bin/../lib/gcc/arm-atollic-eabi/6.3.1/../../../../arm-atollic-eabi/lib/armv7-m\libc.a
LOAD c:/program files (x86)/atollic/truestudio for stm32 9.3.0/armtools/bin/../lib/gcc/arm-atollic-eabi/6.3.1/../../../../arm-atollic-eabi/lib/armv7-m\libnosys.a
END GROUP
LOAD c:/program files (x86)/atollic/truestudio for stm32 9.3.0/armtools/bin/../lib/gcc/arm-atollic-eabi/6.3.1/armv7-m/crtend.o
LOAD c:/program files (x86)/atollic/truestudio for stm32 9.3.0/armtools/bin/../lib/gcc/arm-atollic-eabi/6.3.1/armv7-m/crtn.o
                0x20005000                _estack = 0x20005000
                0x00000000                _Min_Heap_Size = 0x0
                0x00000100                _Min_Stack_Size = 0x100

.isr_vector     0x08000000      0x10c
                0x08000000                . = ALIGN (0x4)
 *(.isr_vector)
 .isr_vector    0x08000000      0x10c src\startup_stm32f10x_md.o
                0x08000000                g_pfnVectors
                0x0800010c                . = ALIGN (0x4)

.text           0x08000110     0xc62c
                0x08000110                . = ALIGN (0x4)
 *(.text)
 .text          0x08000110       0x40 c:/program files (x86)/atollic/truestudio for stm32 9.3.0/armtools/bin/../lib/gcc/arm-atollic-eabi/6.3.1/armv7-m/crtbegin.o
 .text          0x08000150       0x14 c:/program files (x86)/atollic/truestudio for stm32 9.3.0/armtools/bin/../lib/gcc/arm-atollic-eabi/6.3.1/../../../../arm-atollic-eabi/lib/armv7-m\libc.a(lib_a-strcmp.o)
                0x08000150                strcmp
 .text          0x08000164       0x10 c:/program files (x86)/atollic/truestudio for stm32 9.3.0/armtools/bin/../lib/gcc/arm-atollic-eabi/6.3.1/../../../../arm-atollic-eabi/lib/armv7-m\libc.a(lib_a-strlen.o)
                0x08000164                strlen
 .text          0x08000174      0x370 c:/program files (x86)/atollic/truestudio for stm32 9.3.0/armtools/bin/../lib/gcc/arm-atollic-eabi/6.3.1/armv7-m\libgcc.a(_arm_addsubdf3.o)
                0x08000174                __aeabi_drsub
                0x0800017c                __aeabi_dsub
                0x0800017c                __subdf3
                0x08000180                __aeabi_dadd
                0x08000180                __adddf3
                0x080003f8                __floatunsidf
                0x080003f8                __aeabi_ui2d
                0x08000418                __floatsidf
                0x08000418                __aeabi_i2d
                0x0800043c                __aeabi_f2d
                0x0800043c                __extendsfdf2
                0x08000478                __floatundidf
                0x08000478                __aeabi_ul2d
                0x08000488                __floatdidf
                0x08000488                __aeabi_l2d
 .text          0x080004e4      0x424 c:/program files (x86)/atollic/truestudio for stm32 9.3.0/armtools/bin/../lib/gcc/arm-atollic-eabi/6.3.1/armv7-m\libgcc.a(_arm_muldivdf3.o)
                0x080004e4                __aeabi_dmul
                0x080004e4                __muldf3
                0x08000738                __divdf3
                0x08000738                __aeabi_ddiv
 .text          0x08000908      0x110 c:/program files (x86)/atollic/truestudio for stm32 9.3.0/armtools/bin/../lib/gcc/arm-atollic-eabi/6.3.1/armv7-m\libgcc.a(_arm_cmpdf2.o)
                0x08000908                __gtdf2
                0x08000908                __gedf2
                0x08000910                __ltdf2
                0x08000910                __ledf2
                0x08000918                __nedf2
                0x08000918                __eqdf2
                0x08000918                __cmpdf2
                0x08000994                __aeabi_cdrcmple
                0x080009a4                __aeabi_cdcmpeq
                0x080009a4                __aeabi_cdcmple
                0x080009b4                __aeabi_dcmpeq
                0x080009c8                __aeabi_dcmplt
                0x080009dc                __aeabi_dcmple
                0x080009f0                __aeabi_dcmpge
                0x08000a04                __aeabi_dcmpgt
 .text          0x08000a18       0x2c c:/program files (x86)/atollic/truestudio for stm32 9.3.0/armtools/bin/../lib/gcc/arm-atollic-eabi/6.3.1/armv7-m\libgcc.a(_arm_unorddf2.o)
                0x08000a18                __unorddf2
                0x08000a18                __aeabi_dcmpun
 .text          0x08000a44       0x50 c:/program files (x86)/atollic/truestudio for stm32 9.3.0/armtools/bin/../lib/gcc/arm-atollic-eabi/6.3.1/armv7-m\libgcc.a(_arm_fixdfsi.o)
                0x08000a44                __aeabi_d2iz
                0x08000a44                __fixdfsi
 .text          0x08000a94       0x40 c:/program files (x86)/atollic/truestudio for stm32 9.3.0/armtools/bin/../lib/gcc/arm-atollic-eabi/6.3.1/armv7-m\libgcc.a(_arm_fixunsdfsi.o)
                0x08000a94                __aeabi_d2uiz
                0x08000a94                __fixunsdfsi
 .text          0x08000ad4       0xa0 c:/program files (x86)/atollic/truestudio for stm32 9.3.0/armtools/bin/../lib/gcc/arm-atollic-eabi/6.3.1/armv7-m\libgcc.a(_arm_truncdfsf2.o)
                0x08000ad4                __truncdfsf2
                0x08000ad4                __aeabi_d2f
 .text          0x08000b74       0x30 c:/program files (x86)/atollic/truestudio for stm32 9.3.0/armtools/bin/../lib/gcc/arm-atollic-eabi/6.3.1/armv7-m\libgcc.a(_aeabi_uldivmod.o)
                0x08000b74                __aeabi_uldivmod
 .text          0x08000ba4      0x2dc c:/program files (x86)/atollic/truestudio for stm32 9.3.0/armtools/bin/../lib/gcc/arm-atollic-eabi/6.3.1/armv7-m\libgcc.a(_udivmoddi4.o)
                0x08000ba4                __udivmoddi4
 .text          0x08000e80        0x4 c:/program files (x86)/atollic/truestudio for stm32 9.3.0/armtools/bin/../lib/gcc/arm-atollic-eabi/6.3.1/armv7-m\libgcc.a(_dvmd_tls.o)
                0x08000e80                __aeabi_idiv0
                0x08000e80                __aeabi_ldiv0
 *(.text*)
 .text.SysTick_CLKSourceConfig
                0x08000e84       0x38 Libraries\STM32F10x_StdPeriph_Driver\src\misc.o
                0x08000e84                SysTick_CLKSourceConfig
 .text.FLASH_SetLatency
                0x08000ebc       0x38 Libraries\STM32F10x_StdPeriph_Driver\src\stm32f10x_flash.o
                0x08000ebc                FLASH_SetLatency
 .text.FLASH_PrefetchBufferCmd
                0x08000ef4       0x30 Libraries\STM32F10x_StdPeriph_Driver\src\stm32f10x_flash.o
                0x08000ef4                FLASH_PrefetchBufferCmd
 .text.GPIO_Init
                0x08000f24      0x178 Libraries\STM32F10x_StdPeriph_Driver\src\stm32f10x_gpio.o
                0x08000f24                GPIO_Init
 .text.GPIO_SetBits
                0x0800109c       0x1c Libraries\STM32F10x_StdPeriph_Driver\src\stm32f10x_gpio.o
                0x0800109c                GPIO_SetBits
 .text.GPIO_ResetBits
                0x080010b8       0x1c Libraries\STM32F10x_StdPeriph_Driver\src\stm32f10x_gpio.o
                0x080010b8                GPIO_ResetBits
 .text.RCC_HSEConfig
                0x080010d4       0x5c Libraries\STM32F10x_StdPeriph_Driver\src\stm32f10x_rcc.o
                0x080010d4                RCC_HSEConfig
 .text.RCC_WaitForHSEStartUp
                0x08001130       0x50 Libraries\STM32F10x_StdPeriph_Driver\src\stm32f10x_rcc.o
                0x08001130                RCC_WaitForHSEStartUp
 .text.RCC_PLLConfig
                0x08001180       0x3c Libraries\STM32F10x_StdPeriph_Driver\src\stm32f10x_rcc.o
                0x08001180                RCC_PLLConfig
 .text.RCC_PLLCmd
                0x080011bc       0x20 Libraries\STM32F10x_StdPeriph_Driver\src\stm32f10x_rcc.o
                0x080011bc                RCC_PLLCmd
 .text.RCC_SYSCLKConfig
                0x080011dc       0x38 Libraries\STM32F10x_StdPeriph_Driver\src\stm32f10x_rcc.o
                0x080011dc                RCC_SYSCLKConfig
 .text.RCC_GetSYSCLKSource
                0x08001214       0x1c Libraries\STM32F10x_StdPeriph_Driver\src\stm32f10x_rcc.o
                0x08001214                RCC_GetSYSCLKSource
 .text.RCC_HCLKConfig
                0x08001230       0x38 Libraries\STM32F10x_StdPeriph_Driver\src\stm32f10x_rcc.o
                0x08001230                RCC_HCLKConfig
 .text.RCC_PCLK1Config
                0x08001268       0x38 Libraries\STM32F10x_StdPeriph_Driver\src\stm32f10x_rcc.o
                0x08001268                RCC_PCLK1Config
 .text.RCC_PCLK2Config
                0x080012a0       0x38 Libraries\STM32F10x_StdPeriph_Driver\src\stm32f10x_rcc.o
                0x080012a0                RCC_PCLK2Config
 .text.RCC_GetClocksFreq
                0x080012d8      0x160 Libraries\STM32F10x_StdPeriph_Driver\src\stm32f10x_rcc.o
                0x080012d8                RCC_GetClocksFreq
 .text.RCC_APB2PeriphClockCmd
                0x08001438       0x3c Libraries\STM32F10x_StdPeriph_Driver\src\stm32f10x_rcc.o
                0x08001438                RCC_APB2PeriphClockCmd
 .text.RCC_APB1PeriphClockCmd
                0x08001474       0x3c Libraries\STM32F10x_StdPeriph_Driver\src\stm32f10x_rcc.o
                0x08001474                RCC_APB1PeriphClockCmd
 .text.RCC_GetFlagStatus
                0x080014b0       0x74 Libraries\STM32F10x_StdPeriph_Driver\src\stm32f10x_rcc.o
                0x080014b0                RCC_GetFlagStatus
 .text.SPI_Init
                0x08001524       0x86 Libraries\STM32F10x_StdPeriph_Driver\src\stm32f10x_spi.o
                0x08001524                SPI_Init
 .text.SPI_Cmd  0x080015aa       0x3e Libraries\STM32F10x_StdPeriph_Driver\src\stm32f10x_spi.o
                0x080015aa                SPI_Cmd
 .text.SPI_I2S_SendData
                0x080015e8       0x1c Libraries\STM32F10x_StdPeriph_Driver\src\stm32f10x_spi.o
                0x080015e8                SPI_I2S_SendData
 .text.SPI_I2S_ReceiveData
                0x08001604       0x18 Libraries\STM32F10x_StdPeriph_Driver\src\stm32f10x_spi.o
                0x08001604                SPI_I2S_ReceiveData
 .text.SPI_I2S_GetFlagStatus
                0x0800161c       0x36 Libraries\STM32F10x_StdPeriph_Driver\src\stm32f10x_spi.o
                0x0800161c                SPI_I2S_GetFlagStatus
 *fill*         0x08001652        0x2 
 .text.USART_Init
                0x08001654      0x174 Libraries\STM32F10x_StdPeriph_Driver\src\stm32f10x_usart.o
                0x08001654                USART_Init
 .text.USART_Cmd
                0x080017c8       0x3e Libraries\STM32F10x_StdPeriph_Driver\src\stm32f10x_usart.o
                0x080017c8                USART_Cmd
 .text.USART_ITConfig
                0x08001806       0x8e Libraries\STM32F10x_StdPeriph_Driver\src\stm32f10x_usart.o
                0x08001806                USART_ITConfig
 .text.USART_SendData
                0x08001894       0x22 Libraries\STM32F10x_StdPeriph_Driver\src\stm32f10x_usart.o
                0x08001894                USART_SendData
 .text.USART_ReceiveData
                0x080018b6       0x1e Libraries\STM32F10x_StdPeriph_Driver\src\stm32f10x_usart.o
                0x080018b6                USART_ReceiveData
 .text.USART_GetFlagStatus
                0x080018d4       0x36 Libraries\STM32F10x_StdPeriph_Driver\src\stm32f10x_usart.o
                0x080018d4                USART_GetFlagStatus
 .text.USART_GetITStatus
                0x0800190a       0xb4 Libraries\STM32F10x_StdPeriph_Driver\src\stm32f10x_usart.o
                0x0800190a                USART_GetITStatus
 .text.USART_ClearITPendingBit
                0x080019be       0x38 Libraries\STM32F10x_StdPeriph_Driver\src\stm32f10x_usart.o
                0x080019be                USART_ClearITPendingBit
 *fill*         0x080019f6        0x2 
 .text.mqtt_message_cb
                0x080019f8      0x334 src\main.o
 .text.main     0x08001d2c       0xcc src\main.o
                0x08001d2c                main
 .text.Reset_Handler
                0x08001df8       0x50 src\startup_stm32f10x_md.o
                0x08001df8                Reset_Handler
 .text.Default_Handler
                0x08001e48        0x2 src\startup_stm32f10x_md.o
                0x08001e48                EXTI2_IRQHandler
                0x08001e48                TIM1_CC_IRQHandler
                0x08001e48                PVD_IRQHandler
                0x08001e48                EXTI3_IRQHandler
                0x08001e48                EXTI0_IRQHandler
                0x08001e48                I2C2_EV_IRQHandler
                0x08001e48                ADC1_2_IRQHandler
                0x08001e48                SPI1_IRQHandler
                0x08001e48                TAMPER_IRQHandler
                0x08001e48                DMA1_Channel4_IRQHandler
                0x08001e48                USART3_IRQHandler
                0x08001e48                RTC_IRQHandler
                0x08001e48                DMA1_Channel7_IRQHandler
                0x08001e48                CAN1_RX1_IRQHandler
                0x08001e48                TIM4_IRQHandler
                0x08001e48                I2C1_EV_IRQHandler
                0x08001e48                DMA1_Channel6_IRQHandler
                0x08001e48                TIM3_IRQHandler
                0x08001e48                RCC_IRQHandler
                0x08001e48                TIM1_TRG_COM_IRQHandler
                0x08001e48                DMA1_Channel1_IRQHandler
                0x08001e48                Default_Handler
                0x08001e48                EXTI15_10_IRQHandler
                0x08001e48                EXTI9_5_IRQHandler
                0x08001e48                SPI2_IRQHandler
                0x08001e48                DMA1_Channel5_IRQHandler
                0x08001e48                EXTI4_IRQHandler
                0x08001e48                USB_LP_CAN1_RX0_IRQHandler
                0x08001e48                USB_HP_CAN1_TX_IRQHandler
                0x08001e48                DMA1_Channel3_IRQHandler
                0x08001e48                TIM1_UP_IRQHandler
                0x08001e48                WWDG_IRQHandler
                0x08001e48                TIM2_IRQHandler
                0x08001e48                TIM1_BRK_IRQHandler
                0x08001e48                EXTI1_IRQHandler
                0x08001e48                RTCAlarm_IRQHandler
                0x08001e48                I2C2_ER_IRQHandler
                0x08001e48                DMA1_Channel2_IRQHandler
                0x08001e48                CAN1_SCE_IRQHandler
                0x08001e48                FLASH_IRQHandler
                0x08001e48                I2C1_ER_IRQHandler
                0x08001e48                USBWakeUp_IRQHandler
 .text.NMI_Handler
                0x08001e4a        0xc src\stm32f1xx_it.o
                0x08001e4a                NMI_Handler
 .text.HardFault_Handler
                0x08001e56        0x6 src\stm32f1xx_it.o
                0x08001e56                HardFault_Handler
 .text.MemManage_Handler
                0x08001e5c        0x6 src\stm32f1xx_it.o
                0x08001e5c                MemManage_Handler
 .text.BusFault_Handler
                0x08001e62        0x6 src\stm32f1xx_it.o
                0x08001e62                BusFault_Handler
 .text.UsageFault_Handler
                0x08001e68        0x6 src\stm32f1xx_it.o
                0x08001e68                UsageFault_Handler
 .text.SVC_Handler
                0x08001e6e        0xc src\stm32f1xx_it.o
                0x08001e6e                SVC_Handler
 .text.DebugMon_Handler
                0x08001e7a        0xc src\stm32f1xx_it.o
                0x08001e7a                DebugMon_Handler
 .text.PendSV_Handler
                0x08001e86        0xc src\stm32f1xx_it.o
                0x08001e86                PendSV_Handler
 .text.SysTick_Handler
                0x08001e92        0xc src\stm32f1xx_it.o
                0x08001e92                SysTick_Handler
 *fill*         0x08001e9e        0x2 
 .text.USART1_IRQHandler
                0x08001ea0       0x40 src\stm32f1xx_it.o
                0x08001ea0                USART1_IRQHandler
 .text.USART2_IRQHandler
                0x08001ee0       0x40 src\stm32f1xx_it.o
                0x08001ee0                USART2_IRQHandler
 .text.SystemInit
                0x08001f20       0x68 src\system_stm32f10x.o
                0x08001f20                SystemInit
 .text.SystemCoreClockUpdate
                0x08001f88       0xd8 src\system_stm32f10x.o
                0x08001f88                SystemCoreClockUpdate
 .text.SetSysClock
                0x08002060        0xc src\system_stm32f10x.o
 .text.SetSysClockTo72
                0x0800206c      0x100 src\system_stm32f10x.o
 .text.ts_itoa  0x0800216c       0x90 src\tiny_printf.o
                0x0800216c                ts_itoa
 .text.ts_formatstring
                0x080021fc      0x12e src\tiny_printf.o
                0x080021fc                ts_formatstring
 .text.siprintf
                0x0800232a       0x2c src\tiny_printf.o
                0x0800232a                siprintf
                0x0800232a                sprintf
 .text.jsmn_alloc_token
                0x08002356       0x4e user\third_party\jsmn\jsmn.o
 .text.jsmn_fill_token
                0x080023a4       0x32 user\third_party\jsmn\jsmn.o
 .text.jsmn_parse_primitive
                0x080023d6       0xee user\third_party\jsmn\jsmn.o
 .text.jsmn_parse_string
                0x080024c4      0x2e8 user\third_party\jsmn\jsmn.o
 .text.jsmn_parse
                0x080027ac      0x350 user\third_party\jsmn\jsmn.o
                0x080027ac                jsmn_parse
 .text.jsmn_init
                0x08002afc       0x26 user\third_party\jsmn\jsmn.o
                0x08002afc                jsmn_init
 .text.ringbuff_init
                0x08002b22       0x42 user\third_party\ringbuff\ringbuff.o
                0x08002b22                ringbuff_init
 .text.ringbuff_write
                0x08002b64       0xce user\third_party\ringbuff\ringbuff.o
                0x08002b64                ringbuff_write
 .text.ringbuff_read
                0x08002c32       0xce user\third_party\ringbuff\ringbuff.o
                0x08002c32                ringbuff_read
 .text.ringbuff_get_free
                0x08002d00       0x6c user\third_party\ringbuff\ringbuff.o
                0x08002d00                ringbuff_get_free
 .text.ringbuff_get_full
                0x08002d6c       0x68 user\third_party\ringbuff\ringbuff.o
                0x08002d6c                ringbuff_get_full
 .text.NVIC_SetPriority
                0x08002dd4       0x54 user\user\driver\hardware.o
 .text.SysTick_Config
                0x08002e28       0x44 user\user\driver\hardware.o
 .text.get_tick_ms
                0x08002e6c       0x14 user\user\driver\hardware.o
                0x08002e6c                get_tick_ms
 .text.tick_ms_increment
                0x08002e80       0x1c user\user\driver\hardware.o
                0x08002e80                tick_ms_increment
 .text.delay_ms
                0x08002e9c       0x28 user\user\driver\hardware.o
                0x08002e9c                delay_ms
 .text.rcc_config
                0x08002ec4       0x7a user\user\driver\hardware.o
                0x08002ec4                rcc_config
 *fill*         0x08002f3e        0x2 
 .text.systick_config
                0x08002f40       0x3c user\user\driver\hardware.o
                0x08002f40                systick_config
 .text.gsm_gpio_init
                0x08002f7c       0x38 user\user\driver\hardware.o
                0x08002f7c                gsm_gpio_init
 .text.led_init
                0x08002fb4       0x38 user\user\driver\led\led.o
                0x08002fb4                led_init
 .text.turn_on_led
                0x08002fec       0x18 user\user\driver\led\led.o
                0x08002fec                turn_on_led
 .text.turn_off_led
                0x08003004       0x18 user\user\driver\led\led.o
                0x08003004                turn_off_led
 .text.led_state_init
                0x0800301c       0x24 user\user\driver\led\led.o
                0x0800301c                led_state_init
 .text.led_state_save
                0x08003040       0x48 user\user\driver\led\led.o
                0x08003040                led_state_save
 .text.led_state_load
                0x08003088       0x2a user\user\driver\led\led.o
                0x08003088                led_state_load
 *fill*         0x080030b2        0x2 
 .text.led_set_state
                0x080030b4       0x2c user\user\driver\led\led.o
                0x080030b4                led_set_state
 .text.spi_init
                0x080030e0       0xc0 user\user\driver\spi\spi.o
                0x080030e0                spi_init
 .text.spi_transfer
                0x080031a0       0x4c user\user\driver\spi\spi.o
                0x080031a0                spi_transfer
 .text.NVIC_EnableIRQ
                0x080031ec       0x30 user\user\driver\uart\uart.o
 .text.NVIC_SetPriority
                0x0800321c       0x54 user\user\driver\uart\uart.o
 .text.uart_init
                0x08003270      0x154 user\user\driver\uart\uart.o
                0x08003270                uart_init
 .text.uart_debug_rx_handler
                0x080033c4       0x24 user\user\driver\uart\uart.o
                0x080033c4                uart_debug_rx_handler
 .text.uart_sim_rx_handler
                0x080033e8       0x24 user\user\driver\uart\uart.o
                0x080033e8                uart_sim_rx_handler
 .text.uart_sim_read
                0x0800340c       0x28 user\user\driver\uart\uart.o
                0x0800340c                uart_sim_read
 .text.uart_sim_available
                0x08003434       0x18 user\user\driver\uart\uart.o
                0x08003434                uart_sim_available
 .text.uart_send_byte
                0x0800344c       0x34 user\user\driver\uart\uart.o
                0x0800344c                uart_send_byte
 .text.uart_sim_send_byte
                0x08003480       0x34 user\user\driver\uart\uart.o
                0x08003480                uart_sim_send_byte
 .text.uart_sim_send_string
                0x080034b4       0x36 user\user\driver\uart\uart.o
                0x080034b4                uart_sim_send_string
 *fill*         0x080034ea        0x2 
 .text.w25qxx_send_cmd
                0x080034ec       0x30 user\user\driver\w25Qx\w25Qx.o
 .text.w25qxx_init
                0x0800351c       0x1c user\user\driver\w25Qx\w25Qx.o
                0x0800351c                w25qxx_init
 .text.w25qxx_read_id
                0x08003538       0x5c user\user\driver\w25Qx\w25Qx.o
                0x08003538                w25qxx_read_id
 .text.w25qxx_write_enable
                0x08003594        0xe user\user\driver\w25Qx\w25Qx.o
                0x08003594                w25qxx_write_enable
 *fill*         0x080035a2        0x2 
 .text.w25qxx_wait_busy
                0x080035a4       0x3c user\user\driver\w25Qx\w25Qx.o
                0x080035a4                w25qxx_wait_busy
 .text.w25qxx_erase_sector
                0x080035e0       0x54 user\user\driver\w25Qx\w25Qx.o
                0x080035e0                w25qxx_erase_sector
 .text.w25qxx_write_page
                0x08003634       0x8c user\user\driver\w25Qx\w25Qx.o
                0x08003634                w25qxx_write_page
 .text.w25qxx_write
                0x080036c0       0x66 user\user\driver\w25Qx\w25Qx.o
                0x080036c0                w25qxx_write
 *fill*         0x08003726        0x2 
 .text.w25qxx_read
                0x08003728       0x78 user\user\driver\w25Qx\w25Qx.o
                0x08003728                w25qxx_read
 .text.gsm_hardware_init
                0x080037a0       0x24 user\user\gsm\gsm_hardware_layer.o
                0x080037a0                gsm_hardware_init
 .text.gsm_urc_queue_push
                0x080037c4       0x88 user\user\gsm\gsm_hardware_layer.o
 .text.gsm_urc_queue_pop
                0x0800384c       0x88 user\user\gsm\gsm_hardware_layer.o
 .text.gsm_hardware_process_urc
                0x080038d4      0x380 user\user\gsm\gsm_hardware_layer.o
                0x080038d4                gsm_hardware_process_urc
 .text.gsm_hardware_urc_get_line
                0x08003c54       0x20 user\user\gsm\gsm_hardware_layer.o
                0x08003c54                gsm_hardware_urc_get_line
 .text.gsm_hardware_urc_available
                0x08003c74       0x18 user\user\gsm\gsm_hardware_layer.o
                0x08003c74                gsm_hardware_urc_available
 .text.send_at_comand
                0x08003c8c       0x22 user\user\gsm\gsm_hardware_layer.o
                0x08003c8c                send_at_comand
 .text.send_to_debug
                0x08003cae       0x38 user\user\gsm\gsm_hardware_layer.o
                0x08003cae                send_to_debug
 .text.gsm_fetch_line
                0x08003ce6       0x4e user\user\gsm\gsm_hardware_layer.o
                0x08003ce6                gsm_fetch_line
 .text.log_raw_line
                0x08003d34       0x20 user\user\gsm\gsm_hardware_layer.o
                0x08003d34                log_raw_line
 .text.delete_line
                0x08003d54       0x28 user\user\gsm\gsm_hardware_layer.o
                0x08003d54                delete_line
 .text.gsm_http_init
                0x08003d7c       0xc8 user\user\gsm\gsm_http\gsm_http.o
                0x08003d7c                gsm_http_init
 .text.gsm_http_reading_data
                0x08003e44       0x18 user\user\gsm\gsm_http\gsm_http.o
                0x08003e44                gsm_http_reading_data
 .text.gsm_http_reading_data_set
                0x08003e5c       0x20 user\user\gsm\gsm_http\gsm_http.o
                0x08003e5c                gsm_http_reading_data_set
 .text.gsm_http_set_current_read_len
                0x08003e7c       0x20 user\user\gsm\gsm_http\gsm_http.o
                0x08003e7c                gsm_http_set_current_read_len
 .text.gsm_http_handle_raw_byte
                0x08003e9c       0xa4 user\user\gsm\gsm_http\gsm_http.o
                0x08003e9c                gsm_http_handle_raw_byte
 .text.is_timeout
                0x08003f40       0x28 user\user\gsm\gsm_mqtt\gsm_mqtt.o
                0x08003f40                is_timeout
 .text.gsm_mqtt_init
                0x08003f68       0xb8 user\user\gsm\gsm_mqtt\gsm_mqtt.o
                0x08003f68                gsm_mqtt_init
 .text.gsm_mqtt_set_message_callback
                0x08004020       0x20 user\user\gsm\gsm_mqtt\gsm_mqtt.o
                0x08004020                gsm_mqtt_set_message_callback
 .text.mqtt_rx_read_topic
                0x08004040       0xbc user\user\gsm\gsm_mqtt\gsm_mqtt.o
 .text.mqtt_rx_read_payload
                0x080040fc       0xac user\user\gsm\gsm_mqtt\gsm_mqtt.o
 .text.gsm_mqtt_handle_urc
                0x080041a8      0x2a8 user\user\gsm\gsm_mqtt\gsm_mqtt.o
                0x080041a8                gsm_mqtt_handle_urc
 .text.mqtt_phase_stop
                0x08004450      0x110 user\user\gsm\gsm_mqtt\gsm_mqtt.o
                0x08004450                mqtt_phase_stop
 .text.mqtt_phase_start
                0x08004560       0xb0 user\user\gsm\gsm_mqtt\gsm_mqtt.o
                0x08004560                mqtt_phase_start
 .text.mqtt_phase_accq
                0x08004610      0x18c user\user\gsm\gsm_mqtt\gsm_mqtt.o
                0x08004610                mqtt_phase_accq
 .text.mqtt_phase_ssl_ver
                0x0800479c       0xd8 user\user\gsm\gsm_mqtt\gsm_mqtt.o
                0x0800479c                mqtt_phase_ssl_ver
 .text.mqtt_phase_ssl_sni
                0x08004874       0xd8 user\user\gsm\gsm_mqtt\gsm_mqtt.o
                0x08004874                mqtt_phase_ssl_sni
 .text.mqtt_phase_ssl_tls
                0x0800494c      0x160 user\user\gsm\gsm_mqtt\gsm_mqtt.o
                0x0800494c                mqtt_phase_ssl_tls
 .text.mqtt_phase_connect
                0x08004aac      0x2e0 user\user\gsm\gsm_mqtt\gsm_mqtt.o
                0x08004aac                mqtt_phase_connect
 .text.mqtt_phase_sub
                0x08004d8c      0x264 user\user\gsm\gsm_mqtt\gsm_mqtt.o
                0x08004d8c                mqtt_phase_sub
 .text.gsm_mqtt_process
                0x08004ff0      0x3dc user\user\gsm\gsm_mqtt\gsm_mqtt.o
                0x08004ff0                gsm_mqtt_process
 .text.gsm_mqtt_config
                0x080053cc      0x140 user\user\gsm\gsm_mqtt\gsm_mqtt.o
                0x080053cc                gsm_mqtt_config
 .text.gsm_mqtt_subscribe
                0x0800550c       0x68 user\user\gsm\gsm_mqtt\gsm_mqtt.o
                0x0800550c                gsm_mqtt_subscribe
 .text.gsm_mqtt_is_connected
                0x08005574       0x20 user\user\gsm\gsm_mqtt\gsm_mqtt.o
                0x08005574                gsm_mqtt_is_connected
 .text.gsm_mqtt_publish
                0x08005594      0x2d4 user\user\gsm\gsm_mqtt\gsm_mqtt.o
                0x08005594                gsm_mqtt_publish
 .text.is_timeout
                0x08005868       0x28 user\user\gsm\gsm_network\gsm_nw.o
 .text.gsm_nw_init
                0x08005890       0x3c user\user\gsm\gsm_network\gsm_nw.o
                0x08005890                gsm_nw_init
 .text.gsm_nw_phase_basic
                0x080058cc      0x7c4 user\user\gsm\gsm_network\gsm_nw.o
                0x080058cc                gsm_nw_phase_basic
 .text.gsm_nw_process
                0x08006090       0x80 user\user\gsm\gsm_network\gsm_nw.o
                0x08006090                gsm_nw_process
 .text.gsm_nw_is_ready
                0x08006110       0x20 user\user\gsm\gsm_network\gsm_nw.o
                0x08006110                gsm_nw_is_ready
 .text.gsm_nw_phase_lte
                0x08006130      0x5a4 user\user\gsm\gsm_network\gsm_nw.o
                0x08006130                gsm_nw_phase_lte
 .text.gsm_sms_recive_init
                0x080066d4       0x60 user\user\gsm\gsm_sms\gsm_sms_recive.o
                0x080066d4                gsm_sms_recive_init
 .text.gsm_sms_send_init
                0x08006734       0x4c user\user\gsm\gsm_sms\gsm_sms_send.o
                0x08006734                gsm_sms_send_init
 .text.parse_int
                0x08006780       0x18 user\user\gsm\gsm_urc.o
 .text.at_parse_line
                0x08006798      0x79c user\user\gsm\gsm_urc.o
                0x08006798                at_parse_line
 .text.raw_data_bin
                0x08006f34       0xe8 user\user\gsm\gsm_urc.o
                0x08006f34                raw_data_bin
 .text.atoi     0x0800701c        0x8 c:/program files (x86)/atollic/truestudio for stm32 9.3.0/armtools/bin/../lib/gcc/arm-atollic-eabi/6.3.1/../../../../arm-atollic-eabi/lib/armv7-m\libc.a(lib_a-atoi.o)
                0x0800701c                atoi
 .text.__libc_init_array
                0x08007024       0x48 c:/program files (x86)/atollic/truestudio for stm32 9.3.0/armtools/bin/../lib/gcc/arm-atollic-eabi/6.3.1/../../../../arm-atollic-eabi/lib/armv7-m\libc.a(lib_a-init.o)
                0x08007024                __libc_init_array
 .text.memcpy   0x0800706c       0x16 c:/program files (x86)/atollic/truestudio for stm32 9.3.0/armtools/bin/../lib/gcc/arm-atollic-eabi/6.3.1/../../../../arm-atollic-eabi/lib/armv7-m\libc.a(lib_a-memcpy-stub.o)
                0x0800706c                memcpy
 .text.memset   0x08007082       0x10 c:/program files (x86)/atollic/truestudio for stm32 9.3.0/armtools/bin/../lib/gcc/arm-atollic-eabi/6.3.1/../../../../arm-atollic-eabi/lib/armv7-m\libc.a(lib_a-memset.o)
                0x08007082                memset
 *fill*         0x08007092        0x2 
 .text.snprintf
                0x08007094       0x68 c:/program files (x86)/atollic/truestudio for stm32 9.3.0/armtools/bin/../lib/gcc/arm-atollic-eabi/6.3.1/../../../../arm-atollic-eabi/lib/armv7-m\libc.a(lib_a-snprintf.o)
                0x08007094                snprintf
 .text.sscanf   0x080070fc       0x54 c:/program files (x86)/atollic/truestudio for stm32 9.3.0/armtools/bin/../lib/gcc/arm-atollic-eabi/6.3.1/../../../../arm-atollic-eabi/lib/armv7-m\libc.a(lib_a-sscanf.o)
                0x080070fc                sscanf
 .text.__seofread
                0x08007150        0x4 c:/program files (x86)/atollic/truestudio for stm32 9.3.0/armtools/bin/../lib/gcc/arm-atollic-eabi/6.3.1/../../../../arm-atollic-eabi/lib/armv7-m\libc.a(lib_a-stdio.o)
                0x08007150                __seofread
 .text.strchr   0x08007154       0x1c c:/program files (x86)/atollic/truestudio for stm32 9.3.0/armtools/bin/../lib/gcc/arm-atollic-eabi/6.3.1/../../../../arm-atollic-eabi/lib/armv7-m\libc.a(lib_a-strchr.o)
                0x08007154                strchr
 .text.strncmp  0x08007170       0x24 c:/program files (x86)/atollic/truestudio for stm32 9.3.0/armtools/bin/../lib/gcc/arm-atollic-eabi/6.3.1/../../../../arm-atollic-eabi/lib/armv7-m\libc.a(lib_a-strncmp.o)
                0x08007170                strncmp
 .text.strncpy  0x08007194       0x2a c:/program files (x86)/atollic/truestudio for stm32 9.3.0/armtools/bin/../lib/gcc/arm-atollic-eabi/6.3.1/../../../../arm-atollic-eabi/lib/armv7-m\libc.a(lib_a-strncpy.o)
                0x08007194                strncpy
 .text.strstr   0x080071be       0x36 c:/program files (x86)/atollic/truestudio for stm32 9.3.0/armtools/bin/../lib/gcc/arm-atollic-eabi/6.3.1/../../../../arm-atollic-eabi/lib/armv7-m\libc.a(lib_a-strstr.o)
                0x080071be                strstr
 .text._strtol_l.isra.0
                0x080071f4      0x100 c:/program files (x86)/atollic/truestudio for stm32 9.3.0/armtools/bin/../lib/gcc/arm-atollic-eabi/6.3.1/../../../../arm-atollic-eabi/lib/armv7-m\libc.a(lib_a-strtol.o)
 .text._strtol_r
                0x080072f4       0x24 c:/program files (x86)/atollic/truestudio for stm32 9.3.0/armtools/bin/../lib/gcc/arm-atollic-eabi/6.3.1/../../../../arm-atollic-eabi/lib/armv7-m\libc.a(lib_a-strtol.o)
                0x080072f4                _strtol_r
 .text.strtol   0x08007318       0x2c c:/program files (x86)/atollic/truestudio for stm32 9.3.0/armtools/bin/../lib/gcc/arm-atollic-eabi/6.3.1/../../../../arm-atollic-eabi/lib/armv7-m\libc.a(lib_a-strtol.o)
                0x08007318                strtol
 .text._svfprintf_r
                0x08007344      0xfa0 c:/program files (x86)/atollic/truestudio for stm32 9.3.0/armtools/bin/../lib/gcc/arm-atollic-eabi/6.3.1/../../../../arm-atollic-eabi/lib/armv7-m\libc.a(lib_a-svfprintf.o)
                0x08007344                _svfprintf_r
 .text.__ssvfscanf_r
                0x080082e4      0xadc c:/program files (x86)/atollic/truestudio for stm32 9.3.0/armtools/bin/../lib/gcc/arm-atollic-eabi/6.3.1/../../../../arm-atollic-eabi/lib/armv7-m\libc.a(lib_a-svfscanf.o)
                0x080082e4                __ssvfscanf_r
 .text.quorem   0x08008dc0      0x118 c:/program files (x86)/atollic/truestudio for stm32 9.3.0/armtools/bin/../lib/gcc/arm-atollic-eabi/6.3.1/../../../../arm-atollic-eabi/lib/armv7-m\libc.a(lib_a-dtoa.o)
 .text._dtoa_r  0x08008ed8      0xba8 c:/program files (x86)/atollic/truestudio for stm32 9.3.0/armtools/bin/../lib/gcc/arm-atollic-eabi/6.3.1/../../../../arm-atollic-eabi/lib/armv7-m\libc.a(lib_a-dtoa.o)
                0x08008ed8                _dtoa_r
 .text.iswspace
                0x08009a80       0x1a c:/program files (x86)/atollic/truestudio for stm32 9.3.0/armtools/bin/../lib/gcc/arm-atollic-eabi/6.3.1/../../../../arm-atollic-eabi/lib/armv7-m\libc.a(lib_a-iswspace.o)
                0x08009a80                iswspace
 *fill*         0x08009a9a        0x2 
 .text.__locale_mb_cur_max
                0x08009a9c       0x1c c:/program files (x86)/atollic/truestudio for stm32 9.3.0/armtools/bin/../lib/gcc/arm-atollic-eabi/6.3.1/../../../../arm-atollic-eabi/lib/armv7-m\libc.a(lib_a-locale.o)
                0x08009a9c                __locale_mb_cur_max
 .text.__locale_ctype_ptr_l
                0x08009ab8        0x6 c:/program files (x86)/atollic/truestudio for stm32 9.3.0/armtools/bin/../lib/gcc/arm-atollic-eabi/6.3.1/../../../../arm-atollic-eabi/lib/armv7-m\libc.a(lib_a-locale.o)
                0x08009ab8                __locale_ctype_ptr_l
 *fill*         0x08009abe        0x2 
 .text.__locale_ctype_ptr
                0x08009ac0       0x1c c:/program files (x86)/atollic/truestudio for stm32 9.3.0/armtools/bin/../lib/gcc/arm-atollic-eabi/6.3.1/../../../../arm-atollic-eabi/lib/armv7-m\libc.a(lib_a-locale.o)
                0x08009ac0                __locale_ctype_ptr
 .text.__localeconv_l
                0x08009adc        0x4 c:/program files (x86)/atollic/truestudio for stm32 9.3.0/armtools/bin/../lib/gcc/arm-atollic-eabi/6.3.1/../../../../arm-atollic-eabi/lib/armv7-m\libc.a(lib_a-localeconv.o)
                0x08009adc                __localeconv_l
 .text._localeconv_r
                0x08009ae0       0x1c c:/program files (x86)/atollic/truestudio for stm32 9.3.0/armtools/bin/../lib/gcc/arm-atollic-eabi/6.3.1/../../../../arm-atollic-eabi/lib/armv7-m\libc.a(lib_a-localeconv.o)
                0x08009ae0                _localeconv_r
 .text.malloc   0x08009afc       0x10 c:/program files (x86)/atollic/truestudio for stm32 9.3.0/armtools/bin/../lib/gcc/arm-atollic-eabi/6.3.1/../../../../arm-atollic-eabi/lib/armv7-m\libc.a(lib_a-malloc.o)
                0x08009afc                malloc
 .text._malloc_r
                0x08009b0c      0x418 c:/program files (x86)/atollic/truestudio for stm32 9.3.0/armtools/bin/../lib/gcc/arm-atollic-eabi/6.3.1/../../../../arm-atollic-eabi/lib/armv7-m\libc.a(lib_a-mallocr.o)
                0x08009b0c                _malloc_r
 .text._mbrtowc_r
                0x08009f24       0x58 c:/program files (x86)/atollic/truestudio for stm32 9.3.0/armtools/bin/../lib/gcc/arm-atollic-eabi/6.3.1/../../../../arm-atollic-eabi/lib/armv7-m\libc.a(lib_a-mbrtowc.o)
                0x08009f24                _mbrtowc_r
 .text.__ascii_mbtowc
                0x08009f7c       0x24 c:/program files (x86)/atollic/truestudio for stm32 9.3.0/armtools/bin/../lib/gcc/arm-atollic-eabi/6.3.1/../../../../arm-atollic-eabi/lib/armv7-m\libc.a(lib_a-mbtowc_r.o)
                0x08009f7c                __ascii_mbtowc
 .text.memchr   0x08009fa0       0x1c c:/program files (x86)/atollic/truestudio for stm32 9.3.0/armtools/bin/../lib/gcc/arm-atollic-eabi/6.3.1/../../../../arm-atollic-eabi/lib/armv7-m\libc.a(lib_a-memchr-stub.o)
                0x08009fa0                memchr
 .text.__malloc_lock
                0x08009fbc        0xc c:/program files (x86)/atollic/truestudio for stm32 9.3.0/armtools/bin/../lib/gcc/arm-atollic-eabi/6.3.1/../../../../arm-atollic-eabi/lib/armv7-m\libc.a(lib_a-mlock.o)
                0x08009fbc                __malloc_lock
 .text.__malloc_unlock
                0x08009fc8        0xc c:/program files (x86)/atollic/truestudio for stm32 9.3.0/armtools/bin/../lib/gcc/arm-atollic-eabi/6.3.1/../../../../arm-atollic-eabi/lib/armv7-m\libc.a(lib_a-mlock.o)
                0x08009fc8                __malloc_unlock
 .text._Balloc  0x08009fd4       0x68 c:/program files (x86)/atollic/truestudio for stm32 9.3.0/armtools/bin/../lib/gcc/arm-atollic-eabi/6.3.1/../../../../arm-atollic-eabi/lib/armv7-m\libc.a(lib_a-mprec.o)
                0x08009fd4                _Balloc
 .text._Bfree   0x0800a03c       0x2e c:/program files (x86)/atollic/truestudio for stm32 9.3.0/armtools/bin/../lib/gcc/arm-atollic-eabi/6.3.1/../../../../arm-atollic-eabi/lib/armv7-m\libc.a(lib_a-mprec.o)
                0x0800a03c                _Bfree
 .text.__multadd
                0x0800a06a       0x76 c:/program files (x86)/atollic/truestudio for stm32 9.3.0/armtools/bin/../lib/gcc/arm-atollic-eabi/6.3.1/../../../../arm-atollic-eabi/lib/armv7-m\libc.a(lib_a-mprec.o)
                0x0800a06a                __multadd
 .text.__s2b    0x0800a0e0       0x7c c:/program files (x86)/atollic/truestudio for stm32 9.3.0/armtools/bin/../lib/gcc/arm-atollic-eabi/6.3.1/../../../../arm-atollic-eabi/lib/armv7-m\libc.a(lib_a-mprec.o)
                0x0800a0e0                __s2b
 .text.__hi0bits
                0x0800a15c       0x3e c:/program files (x86)/atollic/truestudio for stm32 9.3.0/armtools/bin/../lib/gcc/arm-atollic-eabi/6.3.1/../../../../arm-atollic-eabi/lib/armv7-m\libc.a(lib_a-mprec.o)
                0x0800a15c                __hi0bits
 .text.__lo0bits
                0x0800a19a       0x5e c:/program files (x86)/atollic/truestudio for stm32 9.3.0/armtools/bin/../lib/gcc/arm-atollic-eabi/6.3.1/../../../../arm-atollic-eabi/lib/armv7-m\libc.a(lib_a-mprec.o)
                0x0800a19a                __lo0bits
 .text.__i2b    0x0800a1f8       0x12 c:/program files (x86)/atollic/truestudio for stm32 9.3.0/armtools/bin/../lib/gcc/arm-atollic-eabi/6.3.1/../../../../arm-atollic-eabi/lib/armv7-m\libc.a(lib_a-mprec.o)
                0x0800a1f8                __i2b
 .text.__multiply
                0x0800a20a      0x118 c:/program files (x86)/atollic/truestudio for stm32 9.3.0/armtools/bin/../lib/gcc/arm-atollic-eabi/6.3.1/../../../../arm-atollic-eabi/lib/armv7-m\libc.a(lib_a-mprec.o)
                0x0800a20a                __multiply
 *fill*         0x0800a322        0x2 
 .text.__pow5mult
                0x0800a324       0x9c c:/program files (x86)/atollic/truestudio for stm32 9.3.0/armtools/bin/../lib/gcc/arm-atollic-eabi/6.3.1/../../../../arm-atollic-eabi/lib/armv7-m\libc.a(lib_a-mprec.o)
                0x0800a324                __pow5mult
 .text.__lshift
                0x0800a3c0       0xa2 c:/program files (x86)/atollic/truestudio for stm32 9.3.0/armtools/bin/../lib/gcc/arm-atollic-eabi/6.3.1/../../../../arm-atollic-eabi/lib/armv7-m\libc.a(lib_a-mprec.o)
                0x0800a3c0                __lshift
 .text.__mcmp   0x0800a462       0x34 c:/program files (x86)/atollic/truestudio for stm32 9.3.0/armtools/bin/../lib/gcc/arm-atollic-eabi/6.3.1/../../../../arm-atollic-eabi/lib/armv7-m\libc.a(lib_a-mprec.o)
                0x0800a462                __mcmp
 .text.__mdiff  0x0800a496       0xbe c:/program files (x86)/atollic/truestudio for stm32 9.3.0/armtools/bin/../lib/gcc/arm-atollic-eabi/6.3.1/../../../../arm-atollic-eabi/lib/armv7-m\libc.a(lib_a-mprec.o)
                0x0800a496                __mdiff
 .text.__ulp    0x0800a554       0x48 c:/program files (x86)/atollic/truestudio for stm32 9.3.0/armtools/bin/../lib/gcc/arm-atollic-eabi/6.3.1/../../../../arm-atollic-eabi/lib/armv7-m\libc.a(lib_a-mprec.o)
                0x0800a554                __ulp
 .text.__b2d    0x0800a59c       0xa4 c:/program files (x86)/atollic/truestudio for stm32 9.3.0/armtools/bin/../lib/gcc/arm-atollic-eabi/6.3.1/../../../../arm-atollic-eabi/lib/armv7-m\libc.a(lib_a-mprec.o)
                0x0800a59c                __b2d
 .text.__d2b    0x0800a640       0x9e c:/program files (x86)/atollic/truestudio for stm32 9.3.0/armtools/bin/../lib/gcc/arm-atollic-eabi/6.3.1/../../../../arm-atollic-eabi/lib/armv7-m\libc.a(lib_a-mprec.o)
                0x0800a640                __d2b
 .text.__ratio  0x0800a6de       0x50 c:/program files (x86)/atollic/truestudio for stm32 9.3.0/armtools/bin/../lib/gcc/arm-atollic-eabi/6.3.1/../../../../arm-atollic-eabi/lib/armv7-m\libc.a(lib_a-mprec.o)
                0x0800a6de                __ratio
 .text.__copybits
                0x0800a72e       0x34 c:/program files (x86)/atollic/truestudio for stm32 9.3.0/armtools/bin/../lib/gcc/arm-atollic-eabi/6.3.1/../../../../arm-atollic-eabi/lib/armv7-m\libc.a(lib_a-mprec.o)
                0x0800a72e                __copybits
 .text.__any_on
                0x0800a762       0x42 c:/program files (x86)/atollic/truestudio for stm32 9.3.0/armtools/bin/../lib/gcc/arm-atollic-eabi/6.3.1/../../../../arm-atollic-eabi/lib/armv7-m\libc.a(lib_a-mprec.o)
                0x0800a762                __any_on
 .text._sbrk_r  0x0800a7a4       0x20 c:/program files (x86)/atollic/truestudio for stm32 9.3.0/armtools/bin/../lib/gcc/arm-atollic-eabi/6.3.1/../../../../arm-atollic-eabi/lib/armv7-m\libc.a(lib_a-sbrkr.o)
                0x0800a7a4                _sbrk_r
 .text.__sccl   0x0800a7c4       0x5e c:/program files (x86)/atollic/truestudio for stm32 9.3.0/armtools/bin/../lib/gcc/arm-atollic-eabi/6.3.1/../../../../arm-atollic-eabi/lib/armv7-m\libc.a(lib_a-sccl.o)
                0x0800a7c4                __sccl
 *fill*         0x0800a822        0x2 
 .text.nanf     0x0800a824        0x8 c:/program files (x86)/atollic/truestudio for stm32 9.3.0/armtools/bin/../lib/gcc/arm-atollic-eabi/6.3.1/../../../../arm-atollic-eabi/lib/armv7-m\libc.a(lib_a-sf_nan.o)
                0x0800a824                nanf
 .text.unlikely.sulp
                0x0800a82c       0x42 c:/program files (x86)/atollic/truestudio for stm32 9.3.0/armtools/bin/../lib/gcc/arm-atollic-eabi/6.3.1/../../../../arm-atollic-eabi/lib/armv7-m\libc.a(lib_a-strtod.o)
 *fill*         0x0800a86e        0x2 
 .text._strtod_l
                0x0800a870      0xbf0 c:/program files (x86)/atollic/truestudio for stm32 9.3.0/armtools/bin/../lib/gcc/arm-atollic-eabi/6.3.1/../../../../arm-atollic-eabi/lib/armv7-m\libc.a(lib_a-strtod.o)
                0x0800a870                _strtod_l
 .text._strtod_r
                0x0800b460       0x20 c:/program files (x86)/atollic/truestudio for stm32 9.3.0/armtools/bin/../lib/gcc/arm-atollic-eabi/6.3.1/../../../../arm-atollic-eabi/lib/armv7-m\libc.a(lib_a-strtod.o)
                0x0800b460                _strtod_r
 .text._strtoll_l.isra.0
                0x0800b480      0x148 c:/program files (x86)/atollic/truestudio for stm32 9.3.0/armtools/bin/../lib/gcc/arm-atollic-eabi/6.3.1/../../../../arm-atollic-eabi/lib/armv7-m\libc.a(lib_a-strtoll.o)
 .text._strtoll_r
                0x0800b5c8       0x24 c:/program files (x86)/atollic/truestudio for stm32 9.3.0/armtools/bin/../lib/gcc/arm-atollic-eabi/6.3.1/../../../../arm-atollic-eabi/lib/armv7-m\libc.a(lib_a-strtoll.o)
                0x0800b5c8                _strtoll_r
 .text._strtoul_l.isra.0
                0x0800b5ec       0xfa c:/program files (x86)/atollic/truestudio for stm32 9.3.0/armtools/bin/../lib/gcc/arm-atollic-eabi/6.3.1/../../../../arm-atollic-eabi/lib/armv7-m\libc.a(lib_a-strtoul.o)
 *fill*         0x0800b6e6        0x2 
 .text._strtoul_r
                0x0800b6e8       0x24 c:/program files (x86)/atollic/truestudio for stm32 9.3.0/armtools/bin/../lib/gcc/arm-atollic-eabi/6.3.1/../../../../arm-atollic-eabi/lib/armv7-m\libc.a(lib_a-strtoul.o)
                0x0800b6e8                _strtoul_r
 .text._strtoull_l.isra.0
                0x0800b70c      0x140 c:/program files (x86)/atollic/truestudio for stm32 9.3.0/armtools/bin/../lib/gcc/arm-atollic-eabi/6.3.1/../../../../arm-atollic-eabi/lib/armv7-m\libc.a(lib_a-strtoull.o)
 .text._strtoull_r
                0x0800b84c       0x24 c:/program files (x86)/atollic/truestudio for stm32 9.3.0/armtools/bin/../lib/gcc/arm-atollic-eabi/6.3.1/../../../../arm-atollic-eabi/lib/armv7-m\libc.a(lib_a-strtoull.o)
                0x0800b84c                _strtoull_r
 .text.__ssprint_r
                0x0800b870       0xf4 c:/program files (x86)/atollic/truestudio for stm32 9.3.0/armtools/bin/../lib/gcc/arm-atollic-eabi/6.3.1/../../../../arm-atollic-eabi/lib/armv7-m\libc.a(lib_a-svfiprintf.o)
                0x0800b870                __ssprint_r
 .text._sungetc_r
                0x0800b964       0x7a c:/program files (x86)/atollic/truestudio for stm32 9.3.0/armtools/bin/../lib/gcc/arm-atollic-eabi/6.3.1/../../../../arm-atollic-eabi/lib/armv7-m\libc.a(lib_a-svfiscanf.o)
                0x0800b964                _sungetc_r
 .text.__ssrefill_r
                0x0800b9de       0x3a c:/program files (x86)/atollic/truestudio for stm32 9.3.0/armtools/bin/../lib/gcc/arm-atollic-eabi/6.3.1/../../../../arm-atollic-eabi/lib/armv7-m\libc.a(lib_a-svfiscanf.o)
                0x0800b9de                __ssrefill_r
 .text._sfread_r
                0x0800ba18       0x6e c:/program files (x86)/atollic/truestudio for stm32 9.3.0/armtools/bin/../lib/gcc/arm-atollic-eabi/6.3.1/../../../../arm-atollic-eabi/lib/armv7-m\libc.a(lib_a-svfiscanf.o)
                0x0800ba18                _sfread_r
 .text.__submore
                0x0800ba86       0x72 c:/program files (x86)/atollic/truestudio for stm32 9.3.0/armtools/bin/../lib/gcc/arm-atollic-eabi/6.3.1/../../../../arm-atollic-eabi/lib/armv7-m\libc.a(lib_a-ungetc.o)
                0x0800ba86                __submore
 .text.__ascii_wctomb
                0x0800baf8       0x1a c:/program files (x86)/atollic/truestudio for stm32 9.3.0/armtools/bin/../lib/gcc/arm-atollic-eabi/6.3.1/../../../../arm-atollic-eabi/lib/armv7-m\libc.a(lib_a-wctomb_r.o)
                0x0800baf8                __ascii_wctomb
 .text._calloc_r
                0x0800bb12       0x5a c:/program files (x86)/atollic/truestudio for stm32 9.3.0/armtools/bin/../lib/gcc/arm-atollic-eabi/6.3.1/../../../../arm-atollic-eabi/lib/armv7-m\libc.a(lib_a-callocr.o)
                0x0800bb12                _calloc_r
 .text._malloc_trim_r
                0x0800bb6c       0xac c:/program files (x86)/atollic/truestudio for stm32 9.3.0/armtools/bin/../lib/gcc/arm-atollic-eabi/6.3.1/../../../../arm-atollic-eabi/lib/armv7-m\libc.a(lib_a-freer.o)
                0x0800bb6c                _malloc_trim_r
 .text._free_r  0x0800bc18      0x178 c:/program files (x86)/atollic/truestudio for stm32 9.3.0/armtools/bin/../lib/gcc/arm-atollic-eabi/6.3.1/../../../../arm-atollic-eabi/lib/armv7-m\libc.a(lib_a-freer.o)
                0x0800bc18                _free_r
 .text.rshift   0x0800bd90       0x6a c:/program files (x86)/atollic/truestudio for stm32 9.3.0/armtools/bin/../lib/gcc/arm-atollic-eabi/6.3.1/../../../../arm-atollic-eabi/lib/armv7-m\libc.a(lib_a-gdtoa-gethex.o)
 .text.__hexdig_fun
                0x0800bdfa       0x2a c:/program files (x86)/atollic/truestudio for stm32 9.3.0/armtools/bin/../lib/gcc/arm-atollic-eabi/6.3.1/../../../../arm-atollic-eabi/lib/armv7-m\libc.a(lib_a-gdtoa-gethex.o)
                0x0800bdfa                __hexdig_fun
 .text.__gethex
                0x0800be24      0x43e c:/program files (x86)/atollic/truestudio for stm32 9.3.0/armtools/bin/../lib/gcc/arm-atollic-eabi/6.3.1/../../../../arm-atollic-eabi/lib/armv7-m\libc.a(lib_a-gdtoa-gethex.o)
                0x0800be24                __gethex
 .text.L_shift  0x0800c262       0x24 c:/program files (x86)/atollic/truestudio for stm32 9.3.0/armtools/bin/../lib/gcc/arm-atollic-eabi/6.3.1/../../../../arm-atollic-eabi/lib/armv7-m\libc.a(lib_a-gdtoa-hexnan.o)
 .text.__match  0x0800c286       0x26 c:/program files (x86)/atollic/truestudio for stm32 9.3.0/armtools/bin/../lib/gcc/arm-atollic-eabi/6.3.1/../../../../arm-atollic-eabi/lib/armv7-m\libc.a(lib_a-gdtoa-hexnan.o)
                0x0800c286                __match
 .text.__hexnan
                0x0800c2ac      0x120 c:/program files (x86)/atollic/truestudio for stm32 9.3.0/armtools/bin/../lib/gcc/arm-atollic-eabi/6.3.1/../../../../arm-atollic-eabi/lib/armv7-m\libc.a(lib_a-gdtoa-hexnan.o)
                0x0800c2ac                __hexnan
 .text.__retarget_lock_acquire_recursive
                0x0800c3cc        0x2 c:/program files (x86)/atollic/truestudio for stm32 9.3.0/armtools/bin/../lib/gcc/arm-atollic-eabi/6.3.1/../../../../arm-atollic-eabi/lib/armv7-m\libc.a(lib_a-lock.o)
                0x0800c3cc                __retarget_lock_acquire_recursive
 .text.__retarget_lock_release_recursive
                0x0800c3ce        0x2 c:/program files (x86)/atollic/truestudio for stm32 9.3.0/armtools/bin/../lib/gcc/arm-atollic-eabi/6.3.1/../../../../arm-atollic-eabi/lib/armv7-m\libc.a(lib_a-lock.o)
                0x0800c3ce                __retarget_lock_release_recursive
 .text.memmove  0x0800c3d0       0x34 c:/program files (x86)/atollic/truestudio for stm32 9.3.0/armtools/bin/../lib/gcc/arm-atollic-eabi/6.3.1/../../../../arm-atollic-eabi/lib/armv7-m\libc.a(lib_a-memmove.o)
                0x0800c3d0                memmove
 .text._realloc_r
                0x0800c404      0x304 c:/program files (x86)/atollic/truestudio for stm32 9.3.0/armtools/bin/../lib/gcc/arm-atollic-eabi/6.3.1/../../../../arm-atollic-eabi/lib/armv7-m\libc.a(lib_a-reallocr.o)
                0x0800c404                _realloc_r
 .text._sbrk    0x0800c708       0x1c c:/program files (x86)/atollic/truestudio for stm32 9.3.0/armtools/bin/../lib/gcc/arm-atollic-eabi/6.3.1/../../../../arm-atollic-eabi/lib/armv7-m\libnosys.a(sbrk.o)
                0x0800c708                _sbrk
 *(.glue_7)
 .glue_7        0x0800c724        0x0 linker stubs
 *(.glue_7t)
 .glue_7t       0x0800c724        0x0 linker stubs
 *(.eh_frame)
 .eh_frame      0x0800c724        0x0 c:/program files (x86)/atollic/truestudio for stm32 9.3.0/armtools/bin/../lib/gcc/arm-atollic-eabi/6.3.1/armv7-m/crtbegin.o
 *(.init)
 .init          0x0800c724        0x4 c:/program files (x86)/atollic/truestudio for stm32 9.3.0/armtools/bin/../lib/gcc/arm-atollic-eabi/6.3.1/armv7-m/crti.o
                0x0800c724                _init
 .init          0x0800c728        0x8 c:/program files (x86)/atollic/truestudio for stm32 9.3.0/armtools/bin/../lib/gcc/arm-atollic-eabi/6.3.1/armv7-m/crtn.o
 *(.fini)
 .fini          0x0800c730        0x4 c:/program files (x86)/atollic/truestudio for stm32 9.3.0/armtools/bin/../lib/gcc/arm-atollic-eabi/6.3.1/armv7-m/crti.o
                0x0800c730                _fini
 .fini          0x0800c734        0x8 c:/program files (x86)/atollic/truestudio for stm32 9.3.0/armtools/bin/../lib/gcc/arm-atollic-eabi/6.3.1/armv7-m/crtn.o
                0x0800c73c                . = ALIGN (0x4)
                0x0800c73c                _etext = .

.vfp11_veneer   0x0800c73c        0x0
 .vfp11_veneer  0x0800c73c        0x0 linker stubs

.v4_bx          0x0800c73c        0x0
 .v4_bx         0x0800c73c        0x0 linker stubs

.iplt           0x0800c73c        0x0
 .iplt          0x0800c73c        0x0 c:/program files (x86)/atollic/truestudio for stm32 9.3.0/armtools/bin/../lib/gcc/arm-atollic-eabi/6.3.1/armv7-m/crtbegin.o

.rodata         0x0800c740     0x13cc
                0x0800c740                . = ALIGN (0x4)
 *(.rodata)
 .rodata        0x0800c740      0x10e src\main.o
 *fill*         0x0800c84e        0x2 
 .rodata        0x0800c850      0x23f user\user\gsm\gsm_hardware_layer.o
 *fill*         0x0800ca8f        0x1 
 .rodata        0x0800ca90      0x8b8 user\user\gsm\gsm_mqtt\gsm_mqtt.o
 .rodata        0x0800d348      0x33b user\user\gsm\gsm_network\gsm_nw.o
 *fill*         0x0800d683        0x1 
 .rodata        0x0800d684       0x57 user\user\gsm\gsm_sms\gsm_sms_recive.o
 *fill*         0x0800d6db        0x1 
 .rodata        0x0800d6dc       0xe2 user\user\gsm\gsm_urc.o
 *(.rodata*)
 .rodata._svfprintf_r.str1.1
                0x0800d7be       0x34 c:/program files (x86)/atollic/truestudio for stm32 9.3.0/armtools/bin/../lib/gcc/arm-atollic-eabi/6.3.1/../../../../arm-atollic-eabi/lib/armv7-m\libc.a(lib_a-svfprintf.o)
 .rodata.blanks.7236
                0x0800d7f2       0x10 c:/program files (x86)/atollic/truestudio for stm32 9.3.0/armtools/bin/../lib/gcc/arm-atollic-eabi/6.3.1/../../../../arm-atollic-eabi/lib/armv7-m\libc.a(lib_a-svfprintf.o)
 .rodata.zeroes.7237
                0x0800d802       0x10 c:/program files (x86)/atollic/truestudio for stm32 9.3.0/armtools/bin/../lib/gcc/arm-atollic-eabi/6.3.1/../../../../arm-atollic-eabi/lib/armv7-m\libc.a(lib_a-svfprintf.o)
 .rodata.__ssvfscanf_r.str1.1
                0x0800d812        0x5 c:/program files (x86)/atollic/truestudio for stm32 9.3.0/armtools/bin/../lib/gcc/arm-atollic-eabi/6.3.1/../../../../arm-atollic-eabi/lib/armv7-m\libc.a(lib_a-svfscanf.o)
 *fill*         0x0800d817        0x1 
 .rodata.basefix.7307
                0x0800d818       0x22 c:/program files (x86)/atollic/truestudio for stm32 9.3.0/armtools/bin/../lib/gcc/arm-atollic-eabi/6.3.1/../../../../arm-atollic-eabi/lib/armv7-m\libc.a(lib_a-svfscanf.o)
 .rodata._dtoa_r.str1.1
                0x0800d83a        0xd c:/program files (x86)/atollic/truestudio for stm32 9.3.0/armtools/bin/../lib/gcc/arm-atollic-eabi/6.3.1/../../../../arm-atollic-eabi/lib/armv7-m\libc.a(lib_a-dtoa.o)
                                  0xf (size before relaxing)
 .rodata._setlocale_r.str1.1
                0x0800d847        0x8 c:/program files (x86)/atollic/truestudio for stm32 9.3.0/armtools/bin/../lib/gcc/arm-atollic-eabi/6.3.1/../../../../arm-atollic-eabi/lib/armv7-m\libc.a(lib_a-locale.o)
                                  0x9 (size before relaxing)
 .rodata.str1.1
                0x0800d84f        0x2 c:/program files (x86)/atollic/truestudio for stm32 9.3.0/armtools/bin/../lib/gcc/arm-atollic-eabi/6.3.1/../../../../arm-atollic-eabi/lib/armv7-m\libc.a(lib_a-locale.o)
 .rodata._mbrtowc_r.str1.1
                0x0800d851        0x1 c:/program files (x86)/atollic/truestudio for stm32 9.3.0/armtools/bin/../lib/gcc/arm-atollic-eabi/6.3.1/../../../../arm-atollic-eabi/lib/armv7-m\libc.a(lib_a-mbrtowc.o)
 *fill*         0x0800d851        0x7 
 .rodata.__mprec_bigtens
                0x0800d858       0x28 c:/program files (x86)/atollic/truestudio for stm32 9.3.0/armtools/bin/../lib/gcc/arm-atollic-eabi/6.3.1/../../../../arm-atollic-eabi/lib/armv7-m\libc.a(lib_a-mprec.o)
                0x0800d858                __mprec_bigtens
 .rodata.__mprec_tens
                0x0800d880       0xc8 c:/program files (x86)/atollic/truestudio for stm32 9.3.0/armtools/bin/../lib/gcc/arm-atollic-eabi/6.3.1/../../../../arm-atollic-eabi/lib/armv7-m\libc.a(lib_a-mprec.o)
                0x0800d880                __mprec_tens
 .rodata.p05.6073
                0x0800d948        0xc c:/program files (x86)/atollic/truestudio for stm32 9.3.0/armtools/bin/../lib/gcc/arm-atollic-eabi/6.3.1/../../../../arm-atollic-eabi/lib/armv7-m\libc.a(lib_a-mprec.o)
 .rodata._strtod_l.str1.1
                0x0800d954        0x2 c:/program files (x86)/atollic/truestudio for stm32 9.3.0/armtools/bin/../lib/gcc/arm-atollic-eabi/6.3.1/../../../../arm-atollic-eabi/lib/armv7-m\libc.a(lib_a-strtod.o)
                                  0xc (size before relaxing)
 .rodata.fpi.6155
                0x0800d954       0x14 c:/program files (x86)/atollic/truestudio for stm32 9.3.0/armtools/bin/../lib/gcc/arm-atollic-eabi/6.3.1/../../../../arm-atollic-eabi/lib/armv7-m\libc.a(lib_a-strtod.o)
 .rodata.fpinan.6191
                0x0800d968       0x14 c:/program files (x86)/atollic/truestudio for stm32 9.3.0/armtools/bin/../lib/gcc/arm-atollic-eabi/6.3.1/../../../../arm-atollic-eabi/lib/armv7-m\libc.a(lib_a-strtod.o)
 *fill*         0x0800d97c        0x4 
 .rodata.tinytens
                0x0800d980       0x28 c:/program files (x86)/atollic/truestudio for stm32 9.3.0/armtools/bin/../lib/gcc/arm-atollic-eabi/6.3.1/../../../../arm-atollic-eabi/lib/armv7-m\libc.a(lib_a-strtod.o)
 .rodata._ctype_
                0x0800d9a8      0x101 c:/program files (x86)/atollic/truestudio for stm32 9.3.0/armtools/bin/../lib/gcc/arm-atollic-eabi/6.3.1/../../../../arm-atollic-eabi/lib/armv7-m\libc.a(lib_a-ctype_.o)
                0x0800d9a8                _ctype_
 *fill*         0x0800daa9        0x3 
 .rodata.__sf_fake_stderr
                0x0800daac       0x20 c:/program files (x86)/atollic/truestudio for stm32 9.3.0/armtools/bin/../lib/gcc/arm-atollic-eabi/6.3.1/../../../../arm-atollic-eabi/lib/armv7-m\libc.a(lib_a-findfp.o)
                0x0800daac                __sf_fake_stderr
 .rodata.__sf_fake_stdin
                0x0800dacc       0x20 c:/program files (x86)/atollic/truestudio for stm32 9.3.0/armtools/bin/../lib/gcc/arm-atollic-eabi/6.3.1/../../../../arm-atollic-eabi/lib/armv7-m\libc.a(lib_a-findfp.o)
                0x0800dacc                __sf_fake_stdin
 .rodata.__sf_fake_stdout
                0x0800daec       0x20 c:/program files (x86)/atollic/truestudio for stm32 9.3.0/armtools/bin/../lib/gcc/arm-atollic-eabi/6.3.1/../../../../arm-atollic-eabi/lib/armv7-m\libc.a(lib_a-findfp.o)
                0x0800daec                __sf_fake_stdout
                0x0800db0c                . = ALIGN (0x4)

.ARM.extab
 *(.ARM.extab* .gnu.linkonce.armextab.*)

.ARM            0x0800db0c        0x8
                0x0800db0c                __exidx_start = .
 *(.ARM.exidx*)
 .ARM.exidx     0x0800db0c        0x8 c:/program files (x86)/atollic/truestudio for stm32 9.3.0/armtools/bin/../lib/gcc/arm-atollic-eabi/6.3.1/armv7-m\libgcc.a(_udivmoddi4.o)
                0x0800db14                __exidx_end = .

.rel.dyn        0x0800db14        0x0
 .rel.iplt      0x0800db14        0x0 c:/program files (x86)/atollic/truestudio for stm32 9.3.0/armtools/bin/../lib/gcc/arm-atollic-eabi/6.3.1/armv7-m/crtbegin.o

.preinit_array  0x0800db14        0x0
                0x0800db14                PROVIDE (__preinit_array_start, .)
 *(.preinit_array*)
                0x0800db14                PROVIDE (__preinit_array_end, .)

.init_array     0x0800db14        0x4
                0x0800db14                PROVIDE (__init_array_start, .)
 *(SORT(.init_array.*))
 *(.init_array*)
 .init_array    0x0800db14        0x4 c:/program files (x86)/atollic/truestudio for stm32 9.3.0/armtools/bin/../lib/gcc/arm-atollic-eabi/6.3.1/armv7-m/crtbegin.o
                0x0800db18                PROVIDE (__init_array_end, .)

.fini_array     0x0800db18        0x4
                [!provide]                PROVIDE (__fini_array_start, .)
 *(SORT(.fini_array.*))
 *(.fini_array*)
 .fini_array    0x0800db18        0x4 c:/program files (x86)/atollic/truestudio for stm32 9.3.0/armtools/bin/../lib/gcc/arm-atollic-eabi/6.3.1/armv7-m/crtbegin.o
                [!provide]                PROVIDE (__fini_array_end, .)
                0x0800db1c                _sidata = LOADADDR (.data)

.data           0x20000000      0x69c load address 0x0800db1c
                0x20000000                . = ALIGN (0x4)
                0x20000000                _sdata = .
 *(.data)
 *(.data*)
 .data.APBAHBPrescTable
                0x20000000       0x10 Libraries\STM32F10x_StdPeriph_Driver\src\stm32f10x_rcc.o
 .data.ADCPrescTable
                0x20000010        0x4 Libraries\STM32F10x_StdPeriph_Driver\src\stm32f10x_rcc.o
 .data.SystemCoreClock
                0x20000014        0x4 src\system_stm32f10x.o
                0x20000014                SystemCoreClock
 .data.AHBPrescTable
                0x20000018       0x10 src\system_stm32f10x.o
                0x20000018                AHBPrescTable
 .data.first_check.8473
                0x20000028        0x1 user\user\gsm\gsm_hardware_layer.o
 *fill*         0x20000029        0x3 
 .data._impure_ptr
                0x2000002c        0x4 c:/program files (x86)/atollic/truestudio for stm32 9.3.0/armtools/bin/../lib/gcc/arm-atollic-eabi/6.3.1/../../../../arm-atollic-eabi/lib/armv7-m\libc.a(lib_a-impure.o)
                0x2000002c                _impure_ptr
 .data.impure_data
                0x20000030       0xf0 c:/program files (x86)/atollic/truestudio for stm32 9.3.0/armtools/bin/../lib/gcc/arm-atollic-eabi/6.3.1/../../../../arm-atollic-eabi/lib/armv7-m\libc.a(lib_a-impure.o)
 .data.__global_locale
                0x20000120      0x16c c:/program files (x86)/atollic/truestudio for stm32 9.3.0/armtools/bin/../lib/gcc/arm-atollic-eabi/6.3.1/../../../../arm-atollic-eabi/lib/armv7-m\libc.a(lib_a-locale.o)
                0x20000120                __global_locale
 .data.__malloc_av_
                0x2000028c      0x408 c:/program files (x86)/atollic/truestudio for stm32 9.3.0/armtools/bin/../lib/gcc/arm-atollic-eabi/6.3.1/../../../../arm-atollic-eabi/lib/armv7-m\libc.a(lib_a-mallocr.o)
                0x2000028c                __malloc_av_
 .data.__malloc_sbrk_base
                0x20000694        0x4 c:/program files (x86)/atollic/truestudio for stm32 9.3.0/armtools/bin/../lib/gcc/arm-atollic-eabi/6.3.1/../../../../arm-atollic-eabi/lib/armv7-m\libc.a(lib_a-mallocr.o)
                0x20000694                __malloc_sbrk_base
 .data.__malloc_trim_threshold
                0x20000698        0x4 c:/program files (x86)/atollic/truestudio for stm32 9.3.0/armtools/bin/../lib/gcc/arm-atollic-eabi/6.3.1/../../../../arm-atollic-eabi/lib/armv7-m\libc.a(lib_a-mallocr.o)
                0x20000698                __malloc_trim_threshold
                0x2000069c                . = ALIGN (0x4)
                0x2000069c                _edata = .

.igot.plt       0x2000069c        0x0 load address 0x0800e1b8
 .igot.plt      0x2000069c        0x0 c:/program files (x86)/atollic/truestudio for stm32 9.3.0/armtools/bin/../lib/gcc/arm-atollic-eabi/6.3.1/armv7-m/crtbegin.o
                0x2000069c                . = ALIGN (0x4)

.bss            0x2000069c     0x312c load address 0x0800e1b8
                0x2000069c                _sbss = .
                0x2000069c                __bss_start__ = _sbss
 *(.bss)
 .bss           0x2000069c       0x1c c:/program files (x86)/atollic/truestudio for stm32 9.3.0/armtools/bin/../lib/gcc/arm-atollic-eabi/6.3.1/armv7-m/crtbegin.o
 *(.bss*)
 .bss.mqtt_configured.8656
                0x200006b8        0x1 src\main.o
 .bss.mqtt_subscribed.8657
                0x200006b9        0x1 src\main.o
 *fill*         0x200006ba        0x2 
 .bss.tick_ms   0x200006bc        0x4 user\user\driver\hardware.o
 .bss.current_led_state
                0x200006c0        0x1 user\user\driver\led\led.o
 *fill*         0x200006c1        0x3 
 .bss.uart_debug_buffer_data
                0x200006c4      0x100 user\user\driver\uart\uart.o
 .bss.uart_debug_rx_buff
                0x200007c4       0x10 user\user\driver\uart\uart.o
 .bss.uart_sim_buffer_data
                0x200007d4      0x100 user\user\driver\uart\uart.o
 .bss.uart_sim_rx_buff
                0x200008d4       0x10 user\user\driver\uart\uart.o
 .bss.gsm_urc_queue
                0x200008e4      0x503 user\user\gsm\gsm_hardware_layer.o
 *fill*         0x20000de7        0x1 
 .bss.gsm_urc_line_buffer
                0x20000de8       0x80 user\user\gsm\gsm_hardware_layer.o
 .bss.gsm_urc_line_index
                0x20000e68        0x2 user\user\gsm\gsm_hardware_layer.o
 *fill*         0x20000e6a        0x2 
 .bss.total_raw_bytes.8471
                0x20000e6c        0x4 user\user\gsm\gsm_hardware_layer.o
 .bss.total_bytes_read.8472
                0x20000e70        0x4 user\user\gsm\gsm_hardware_layer.o
 .bss.log_all_bytes.8487
                0x20000e74        0x1 user\user\gsm\gsm_hardware_layer.o
 *fill*         0x20000e75        0x3 
 .bss.total_bytes_logged.8486
                0x20000e78        0x4 user\user\gsm\gsm_hardware_layer.o
 .bss.empty_count.8515
                0x20000e7c        0x4 user\user\gsm\gsm_hardware_layer.o
 .bss.http_reading_data
                0x20000e80        0x1 user\user\gsm\gsm_http\gsm_http.o
 *fill*         0x20000e81        0x3 
 .bss.gsm_http_download_buffer
                0x20000e84     0x2000 user\user\gsm\gsm_http\gsm_http.o
 .bss.gsm_http_downloaded_bytes
                0x20002e84        0x4 user\user\gsm\gsm_http\gsm_http.o
 .bss.gsm_http_flash_initialized
                0x20002e88        0x1 user\user\gsm\gsm_http\gsm_http.o
 .bss.gsm_http_retry_count
                0x20002e89        0x1 user\user\gsm\gsm_http\gsm_http.o
 *fill*         0x20002e8a        0x2 
 .bss.gsm_http_total_file_size
                0x20002e8c        0x4 user\user\gsm\gsm_http\gsm_http.o
 .bss.gsm_http_using_range_header
                0x20002e90        0x1 user\user\gsm\gsm_http\gsm_http.o
 *fill*         0x20002e91        0x3 
 .bss.mqtt_rx_topic
                0x20002e94       0x80 user\user\gsm\gsm_mqtt\gsm_mqtt.o
 .bss.mqtt_rx_payload
                0x20002f14      0x100 user\user\gsm\gsm_mqtt\gsm_mqtt.o
 .bss.mqtt_rx_topic_len
                0x20003014        0x2 user\user\gsm\gsm_mqtt\gsm_mqtt.o
 .bss.mqtt_rx_topic_expected
                0x20003016        0x2 user\user\gsm\gsm_mqtt\gsm_mqtt.o
 .bss.mqtt_rx_payload_len
                0x20003018        0x2 user\user\gsm\gsm_mqtt\gsm_mqtt.o
 .bss.mqtt_rx_payload_expected
                0x2000301a        0x2 user\user\gsm\gsm_mqtt\gsm_mqtt.o
 .bss.mqtt_rx_state
                0x2000301c        0x1 user\user\gsm\gsm_mqtt\gsm_mqtt.o
 *fill*         0x2000301d        0x3 
 .bss.mqtt_rx_timeout
                0x20003020        0x4 user\user\gsm\gsm_mqtt\gsm_mqtt.o
 .bss.topic_sent.8592
                0x20003024        0x1 user\user\gsm\gsm_mqtt\gsm_mqtt.o
 .bss.last_phase.8606
                0x20003025        0x1 user\user\gsm\gsm_mqtt\gsm_mqtt.o
 *fill*         0x20003026        0x2 
 .bss.phase_start_time.8605
                0x20003028        0x4 user\user\gsm\gsm_mqtt\gsm_mqtt.o
 .bss.last_reset_time.8607
                0x2000302c        0x4 user\user\gsm\gsm_mqtt\gsm_mqtt.o
 .bss.error_time.8621
                0x20003030        0x4 user\user\gsm\gsm_mqtt\gsm_mqtt.o
 .bss.line      0x20003034       0x80 user\user\gsm\gsm_network\gsm_nw.o
 .bss.urc       0x200030b4       0x50 user\user\gsm\gsm_network\gsm_nw.o
 .bss.__malloc_current_mallinfo
                0x20003104       0x28 c:/program files (x86)/atollic/truestudio for stm32 9.3.0/armtools/bin/../lib/gcc/arm-atollic-eabi/6.3.1/../../../../arm-atollic-eabi/lib/armv7-m\libc.a(lib_a-mallocr.o)
                0x20003104                __malloc_current_mallinfo
 .bss.__malloc_max_sbrked_mem
                0x2000312c        0x4 c:/program files (x86)/atollic/truestudio for stm32 9.3.0/armtools/bin/../lib/gcc/arm-atollic-eabi/6.3.1/../../../../arm-atollic-eabi/lib/armv7-m\libc.a(lib_a-mallocr.o)
                0x2000312c                __malloc_max_sbrked_mem
 .bss.__malloc_max_total_mem
                0x20003130        0x4 c:/program files (x86)/atollic/truestudio for stm32 9.3.0/armtools/bin/../lib/gcc/arm-atollic-eabi/6.3.1/../../../../arm-atollic-eabi/lib/armv7-m\libc.a(lib_a-mallocr.o)
                0x20003130                __malloc_max_total_mem
 .bss.__malloc_top_pad
                0x20003134        0x4 c:/program files (x86)/atollic/truestudio for stm32 9.3.0/armtools/bin/../lib/gcc/arm-atollic-eabi/6.3.1/../../../../arm-atollic-eabi/lib/armv7-m\libc.a(lib_a-mallocr.o)
                0x20003134                __malloc_top_pad
 .bss.heap_end.4116
                0x20003138        0x4 c:/program files (x86)/atollic/truestudio for stm32 9.3.0/armtools/bin/../lib/gcc/arm-atollic-eabi/6.3.1/../../../../arm-atollic-eabi/lib/armv7-m\libnosys.a(sbrk.o)
 *(COMMON)
 COMMON         0x2000313c      0x304 user\user\gsm\gsm_http\gsm_http.o
                0x2000313c                line
                0x2000323c                urc
                0x2000328c                gsm_http_ctx
 COMMON         0x20003440      0x1ec user\user\gsm\gsm_mqtt\gsm_mqtt.o
                0x20003440                gsm_mqtt_ctx
 COMMON         0x2000362c       0x18 user\user\gsm\gsm_network\gsm_nw.o
                0x2000362c                gsm_nw_ctx
 COMMON         0x20003644       0xcc user\user\gsm\gsm_sms\gsm_sms_recive.o
                0x20003644                gsm_recive_ctx
 COMMON         0x20003710       0xa8 user\user\gsm\gsm_sms\gsm_sms_send.o
                0x20003710                gsm_send_ctx
 COMMON         0x200037b8        0x4 c:/program files (x86)/atollic/truestudio for stm32 9.3.0/armtools/bin/../lib/gcc/arm-atollic-eabi/6.3.1/../../../../arm-atollic-eabi/lib/armv7-m\libc.a(lib_a-reent.o)
                0x200037b8                errno
 COMMON         0x200037bc        0x9 c:/program files (x86)/atollic/truestudio for stm32 9.3.0/armtools/bin/../lib/gcc/arm-atollic-eabi/6.3.1/../../../../arm-atollic-eabi/lib/armv7-m\libc.a(lib_a-lock.o)
                0x200037bc                __lock___atexit_recursive_mutex
                0x200037bd                __lock___arc4random_mutex
                0x200037be                __lock___env_recursive_mutex
                0x200037bf                __lock___sinit_recursive_mutex
                0x200037c0                __lock___malloc_recursive_mutex
                0x200037c1                __lock___at_quick_exit_mutex
                0x200037c2                __lock___dd_hash_mutex
                0x200037c3                __lock___tz_mutex
                0x200037c4                __lock___sfp_recursive_mutex
                0x200037c8                . = ALIGN (0x4)
 *fill*         0x200037c5        0x3 
                0x200037c8                _ebss = .
                0x200037c8                __bss_end__ = _ebss

._user_heap_stack
                0x200037c8      0x100 load address 0x0800e1b8
                0x200037c8                . = ALIGN (0x4)
                0x200037c8                PROVIDE (end, .)
                [!provide]                PROVIDE (_end, .)
                0x200037c8                . = (. + _Min_Heap_Size)
                0x200038c8                . = (. + _Min_Stack_Size)
 *fill*         0x200037c8      0x100 
                0x200038c8                . = ALIGN (0x4)

.memory_b1_text
 *(.mb1text)
 *(.mb1text*)
 *(.mb1rodata)
 *(.mb1rodata*)

/DISCARD/
 libc.a(*)
 libm.a(*)
 libgcc.a(*)

.ARM.attributes
                0x00000000       0x29
 *(.ARM.attributes)
 .ARM.attributes
                0x00000000       0x1d c:/program files (x86)/atollic/truestudio for stm32 9.3.0/armtools/bin/../lib/gcc/arm-atollic-eabi/6.3.1/armv7-m/crti.o
 .ARM.attributes
                0x0000001d       0x2d c:/program files (x86)/atollic/truestudio for stm32 9.3.0/armtools/bin/../lib/gcc/arm-atollic-eabi/6.3.1/armv7-m/crtbegin.o
 .ARM.attributes
                0x0000004a       0x33 Libraries\STM32F10x_StdPeriph_Driver\src\misc.o
 .ARM.attributes
                0x0000007d       0x33 Libraries\STM32F10x_StdPeriph_Driver\src\stm32f10x_flash.o
 .ARM.attributes
                0x000000b0       0x33 Libraries\STM32F10x_StdPeriph_Driver\src\stm32f10x_gpio.o
 .ARM.attributes
                0x000000e3       0x33 Libraries\STM32F10x_StdPeriph_Driver\src\stm32f10x_rcc.o
 .ARM.attributes
                0x00000116       0x33 Libraries\STM32F10x_StdPeriph_Driver\src\stm32f10x_spi.o
 .ARM.attributes
                0x00000149       0x33 Libraries\STM32F10x_StdPeriph_Driver\src\stm32f10x_usart.o
 .ARM.attributes
                0x0000017c       0x33 src\main.o
 .ARM.attributes
                0x000001af       0x21 src\startup_stm32f10x_md.o
 .ARM.attributes
                0x000001d0       0x33 src\stm32f1xx_it.o
 .ARM.attributes
                0x00000203       0x33 src\system_stm32f10x.o
 .ARM.attributes
                0x00000236       0x33 src\tiny_printf.o
 .ARM.attributes
                0x00000269       0x33 user\third_party\jsmn\jsmn.o
 .ARM.attributes
                0x0000029c       0x33 user\third_party\ringbuff\ringbuff.o
 .ARM.attributes
                0x000002cf       0x33 user\user\driver\hardware.o
 .ARM.attributes
                0x00000302       0x33 user\user\driver\led\led.o
 .ARM.attributes
                0x00000335       0x33 user\user\driver\spi\spi.o
 .ARM.attributes
                0x00000368       0x33 user\user\driver\uart\uart.o
 .ARM.attributes
                0x0000039b       0x33 user\user\driver\w25Qx\w25Qx.o
 .ARM.attributes
                0x000003ce       0x33 user\user\gsm\gsm_hardware_layer.o
 .ARM.attributes
                0x00000401       0x33 user\user\gsm\gsm_http\gsm_http.o
 .ARM.attributes
                0x00000434       0x33 user\user\gsm\gsm_mqtt\gsm_mqtt.o
 .ARM.attributes
                0x00000467       0x33 user\user\gsm\gsm_network\gsm_nw.o
 .ARM.attributes
                0x0000049a       0x33 user\user\gsm\gsm_sms\gsm_sms_recive.o
 .ARM.attributes
                0x000004cd       0x33 user\user\gsm\gsm_sms\gsm_sms_send.o
 .ARM.attributes
                0x00000500       0x33 user\user\gsm\gsm_urc.o
 .ARM.attributes
                0x00000533       0x2d c:/program files (x86)/atollic/truestudio for stm32 9.3.0/armtools/bin/../lib/gcc/arm-atollic-eabi/6.3.1/../../../../arm-atollic-eabi/lib/armv7-m\libc.a(lib_a-atoi.o)
 .ARM.attributes
                0x00000560       0x2d c:/program files (x86)/atollic/truestudio for stm32 9.3.0/armtools/bin/../lib/gcc/arm-atollic-eabi/6.3.1/../../../../arm-atollic-eabi/lib/armv7-m\libc.a(lib_a-init.o)
 .ARM.attributes
                0x0000058d       0x2d c:/program files (x86)/atollic/truestudio for stm32 9.3.0/armtools/bin/../lib/gcc/arm-atollic-eabi/6.3.1/../../../../arm-atollic-eabi/lib/armv7-m\libc.a(lib_a-memcpy-stub.o)
 .ARM.attributes
                0x000005ba       0x2d c:/program files (x86)/atollic/truestudio for stm32 9.3.0/armtools/bin/../lib/gcc/arm-atollic-eabi/6.3.1/../../../../arm-atollic-eabi/lib/armv7-m\libc.a(lib_a-memset.o)
 .ARM.attributes
                0x000005e7       0x2d c:/program files (x86)/atollic/truestudio for stm32 9.3.0/armtools/bin/../lib/gcc/arm-atollic-eabi/6.3.1/../../../../arm-atollic-eabi/lib/armv7-m\libc.a(lib_a-snprintf.o)
 .ARM.attributes
                0x00000614       0x2d c:/program files (x86)/atollic/truestudio for stm32 9.3.0/armtools/bin/../lib/gcc/arm-atollic-eabi/6.3.1/../../../../arm-atollic-eabi/lib/armv7-m\libc.a(lib_a-sscanf.o)
 .ARM.attributes
                0x00000641       0x2d c:/program files (x86)/atollic/truestudio for stm32 9.3.0/armtools/bin/../lib/gcc/arm-atollic-eabi/6.3.1/../../../../arm-atollic-eabi/lib/armv7-m\libc.a(lib_a-stdio.o)
 .ARM.attributes
                0x0000066e       0x2d c:/program files (x86)/atollic/truestudio for stm32 9.3.0/armtools/bin/../lib/gcc/arm-atollic-eabi/6.3.1/../../../../arm-atollic-eabi/lib/armv7-m\libc.a(lib_a-strchr.o)
 .ARM.attributes
                0x0000069b       0x1b c:/program files (x86)/atollic/truestudio for stm32 9.3.0/armtools/bin/../lib/gcc/arm-atollic-eabi/6.3.1/../../../../arm-atollic-eabi/lib/armv7-m\libc.a(lib_a-strcmp.o)
 .ARM.attributes
                0x000006b6       0x17 c:/program files (x86)/atollic/truestudio for stm32 9.3.0/armtools/bin/../lib/gcc/arm-atollic-eabi/6.3.1/../../../../arm-atollic-eabi/lib/armv7-m\libc.a(lib_a-strlen.o)
 .ARM.attributes
                0x000006cd       0x2d c:/program files (x86)/atollic/truestudio for stm32 9.3.0/armtools/bin/../lib/gcc/arm-atollic-eabi/6.3.1/../../../../arm-atollic-eabi/lib/armv7-m\libc.a(lib_a-strncmp.o)
 .ARM.attributes
                0x000006fa       0x2d c:/program files (x86)/atollic/truestudio for stm32 9.3.0/armtools/bin/../lib/gcc/arm-atollic-eabi/6.3.1/../../../../arm-atollic-eabi/lib/armv7-m\libc.a(lib_a-strncpy.o)
 .ARM.attributes
                0x00000727       0x2d c:/program files (x86)/atollic/truestudio for stm32 9.3.0/armtools/bin/../lib/gcc/arm-atollic-eabi/6.3.1/../../../../arm-atollic-eabi/lib/armv7-m\libc.a(lib_a-strstr.o)
 .ARM.attributes
                0x00000754       0x2d c:/program files (x86)/atollic/truestudio for stm32 9.3.0/armtools/bin/../lib/gcc/arm-atollic-eabi/6.3.1/../../../../arm-atollic-eabi/lib/armv7-m\libc.a(lib_a-strtol.o)
 .ARM.attributes
                0x00000781       0x2d c:/program files (x86)/atollic/truestudio for stm32 9.3.0/armtools/bin/../lib/gcc/arm-atollic-eabi/6.3.1/../../../../arm-atollic-eabi/lib/armv7-m\libc.a(lib_a-svfprintf.o)
 .ARM.attributes
                0x000007ae       0x2d c:/program files (x86)/atollic/truestudio for stm32 9.3.0/armtools/bin/../lib/gcc/arm-atollic-eabi/6.3.1/../../../../arm-atollic-eabi/lib/armv7-m\libc.a(lib_a-svfscanf.o)
 .ARM.attributes
                0x000007db       0x2d c:/program files (x86)/atollic/truestudio for stm32 9.3.0/armtools/bin/../lib/gcc/arm-atollic-eabi/6.3.1/../../../../arm-atollic-eabi/lib/armv7-m\libc.a(lib_a-dtoa.o)
 .ARM.attributes
                0x00000808       0x2d c:/program files (x86)/atollic/truestudio for stm32 9.3.0/armtools/bin/../lib/gcc/arm-atollic-eabi/6.3.1/../../../../arm-atollic-eabi/lib/armv7-m\libc.a(lib_a-impure.o)
 .ARM.attributes
                0x00000835       0x2d c:/program files (x86)/atollic/truestudio for stm32 9.3.0/armtools/bin/../lib/gcc/arm-atollic-eabi/6.3.1/../../../../arm-atollic-eabi/lib/armv7-m\libc.a(lib_a-iswspace.o)
 .ARM.attributes
                0x00000862       0x2d c:/program files (x86)/atollic/truestudio for stm32 9.3.0/armtools/bin/../lib/gcc/arm-atollic-eabi/6.3.1/../../../../arm-atollic-eabi/lib/armv7-m\libc.a(lib_a-locale.o)
 .ARM.attributes
                0x0000088f       0x2d c:/program files (x86)/atollic/truestudio for stm32 9.3.0/armtools/bin/../lib/gcc/arm-atollic-eabi/6.3.1/../../../../arm-atollic-eabi/lib/armv7-m\libc.a(lib_a-localeconv.o)
 .ARM.attributes
                0x000008bc       0x2d c:/program files (x86)/atollic/truestudio for stm32 9.3.0/armtools/bin/../lib/gcc/arm-atollic-eabi/6.3.1/../../../../arm-atollic-eabi/lib/armv7-m\libc.a(lib_a-malloc.o)
 .ARM.attributes
                0x000008e9       0x2d c:/program files (x86)/atollic/truestudio for stm32 9.3.0/armtools/bin/../lib/gcc/arm-atollic-eabi/6.3.1/../../../../arm-atollic-eabi/lib/armv7-m\libc.a(lib_a-mallocr.o)
 .ARM.attributes
                0x00000916       0x2d c:/program files (x86)/atollic/truestudio for stm32 9.3.0/armtools/bin/../lib/gcc/arm-atollic-eabi/6.3.1/../../../../arm-atollic-eabi/lib/armv7-m\libc.a(lib_a-mbrtowc.o)
 .ARM.attributes
                0x00000943       0x2d c:/program files (x86)/atollic/truestudio for stm32 9.3.0/armtools/bin/../lib/gcc/arm-atollic-eabi/6.3.1/../../../../arm-atollic-eabi/lib/armv7-m\libc.a(lib_a-mbtowc_r.o)
 .ARM.attributes
                0x00000970       0x2d c:/program files (x86)/atollic/truestudio for stm32 9.3.0/armtools/bin/../lib/gcc/arm-atollic-eabi/6.3.1/../../../../arm-atollic-eabi/lib/armv7-m\libc.a(lib_a-memchr-stub.o)
 .ARM.attributes
                0x0000099d       0x2d c:/program files (x86)/atollic/truestudio for stm32 9.3.0/armtools/bin/../lib/gcc/arm-atollic-eabi/6.3.1/../../../../arm-atollic-eabi/lib/armv7-m\libc.a(lib_a-mlock.o)
 .ARM.attributes
                0x000009ca       0x2d c:/program files (x86)/atollic/truestudio for stm32 9.3.0/armtools/bin/../lib/gcc/arm-atollic-eabi/6.3.1/../../../../arm-atollic-eabi/lib/armv7-m\libc.a(lib_a-mprec.o)
 .ARM.attributes
                0x000009f7       0x2d c:/program files (x86)/atollic/truestudio for stm32 9.3.0/armtools/bin/../lib/gcc/arm-atollic-eabi/6.3.1/../../../../arm-atollic-eabi/lib/armv7-m\libc.a(lib_a-reent.o)
 .ARM.attributes
                0x00000a24       0x2d c:/program files (x86)/atollic/truestudio for stm32 9.3.0/armtools/bin/../lib/gcc/arm-atollic-eabi/6.3.1/../../../../arm-atollic-eabi/lib/armv7-m\libc.a(lib_a-sbrkr.o)
 .ARM.attributes
                0x00000a51       0x2d c:/program files (x86)/atollic/truestudio for stm32 9.3.0/armtools/bin/../lib/gcc/arm-atollic-eabi/6.3.1/../../../../arm-atollic-eabi/lib/armv7-m\libc.a(lib_a-sccl.o)
 .ARM.attributes
                0x00000a7e       0x2d c:/program files (x86)/atollic/truestudio for stm32 9.3.0/armtools/bin/../lib/gcc/arm-atollic-eabi/6.3.1/../../../../arm-atollic-eabi/lib/armv7-m\libc.a(lib_a-sf_nan.o)
 .ARM.attributes
                0x00000aab       0x2d c:/program files (x86)/atollic/truestudio for stm32 9.3.0/armtools/bin/../lib/gcc/arm-atollic-eabi/6.3.1/../../../../arm-atollic-eabi/lib/armv7-m\libc.a(lib_a-strtod.o)
 .ARM.attributes
                0x00000ad8       0x2d c:/program files (x86)/atollic/truestudio for stm32 9.3.0/armtools/bin/../lib/gcc/arm-atollic-eabi/6.3.1/../../../../arm-atollic-eabi/lib/armv7-m\libc.a(lib_a-strtoll.o)
 .ARM.attributes
                0x00000b05       0x2d c:/program files (x86)/atollic/truestudio for stm32 9.3.0/armtools/bin/../lib/gcc/arm-atollic-eabi/6.3.1/../../../../arm-atollic-eabi/lib/armv7-m\libc.a(lib_a-strtoul.o)
 .ARM.attributes
                0x00000b32       0x2d c:/program files (x86)/atollic/truestudio for stm32 9.3.0/armtools/bin/../lib/gcc/arm-atollic-eabi/6.3.1/../../../../arm-atollic-eabi/lib/armv7-m\libc.a(lib_a-strtoull.o)
 .ARM.attributes
                0x00000b5f       0x2d c:/program files (x86)/atollic/truestudio for stm32 9.3.0/armtools/bin/../lib/gcc/arm-atollic-eabi/6.3.1/../../../../arm-atollic-eabi/lib/armv7-m\libc.a(lib_a-svfiprintf.o)
 .ARM.attributes
                0x00000b8c       0x2d c:/program files (x86)/atollic/truestudio for stm32 9.3.0/armtools/bin/../lib/gcc/arm-atollic-eabi/6.3.1/../../../../arm-atollic-eabi/lib/armv7-m\libc.a(lib_a-svfiscanf.o)
 .ARM.attributes
                0x00000bb9       0x2d c:/program files (x86)/atollic/truestudio for stm32 9.3.0/armtools/bin/../lib/gcc/arm-atollic-eabi/6.3.1/../../../../arm-atollic-eabi/lib/armv7-m\libc.a(lib_a-ungetc.o)
 .ARM.attributes
                0x00000be6       0x2d c:/program files (x86)/atollic/truestudio for stm32 9.3.0/armtools/bin/../lib/gcc/arm-atollic-eabi/6.3.1/../../../../arm-atollic-eabi/lib/armv7-m\libc.a(lib_a-wctomb_r.o)
 .ARM.attributes
                0x00000c13       0x2d c:/program files (x86)/atollic/truestudio for stm32 9.3.0/armtools/bin/../lib/gcc/arm-atollic-eabi/6.3.1/../../../../arm-atollic-eabi/lib/armv7-m\libc.a(lib_a-callocr.o)
 .ARM.attributes
                0x00000c40       0x2d c:/program files (x86)/atollic/truestudio for stm32 9.3.0/armtools/bin/../lib/gcc/arm-atollic-eabi/6.3.1/../../../../arm-atollic-eabi/lib/armv7-m\libc.a(lib_a-ctype_.o)
 .ARM.attributes
                0x00000c6d       0x2d c:/program files (x86)/atollic/truestudio for stm32 9.3.0/armtools/bin/../lib/gcc/arm-atollic-eabi/6.3.1/../../../../arm-atollic-eabi/lib/armv7-m\libc.a(lib_a-findfp.o)
 .ARM.attributes
                0x00000c9a       0x2d c:/program files (x86)/atollic/truestudio for stm32 9.3.0/armtools/bin/../lib/gcc/arm-atollic-eabi/6.3.1/../../../../arm-atollic-eabi/lib/armv7-m\libc.a(lib_a-freer.o)
 .ARM.attributes
                0x00000cc7       0x2d c:/program files (x86)/atollic/truestudio for stm32 9.3.0/armtools/bin/../lib/gcc/arm-atollic-eabi/6.3.1/../../../../arm-atollic-eabi/lib/armv7-m\libc.a(lib_a-gdtoa-gethex.o)
 .ARM.attributes
                0x00000cf4       0x2d c:/program files (x86)/atollic/truestudio for stm32 9.3.0/armtools/bin/../lib/gcc/arm-atollic-eabi/6.3.1/../../../../arm-atollic-eabi/lib/armv7-m\libc.a(lib_a-gdtoa-hexnan.o)
 .ARM.attributes
                0x00000d21       0x2d c:/program files (x86)/atollic/truestudio for stm32 9.3.0/armtools/bin/../lib/gcc/arm-atollic-eabi/6.3.1/../../../../arm-atollic-eabi/lib/armv7-m\libc.a(lib_a-lock.o)
 .ARM.attributes
                0x00000d4e       0x2d c:/program files (x86)/atollic/truestudio for stm32 9.3.0/armtools/bin/../lib/gcc/arm-atollic-eabi/6.3.1/../../../../arm-atollic-eabi/lib/armv7-m\libc.a(lib_a-memmove.o)
 .ARM.attributes
                0x00000d7b       0x2d c:/program files (x86)/atollic/truestudio for stm32 9.3.0/armtools/bin/../lib/gcc/arm-atollic-eabi/6.3.1/../../../../arm-atollic-eabi/lib/armv7-m\libc.a(lib_a-reallocr.o)
 .ARM.attributes
                0x00000da8       0x1d c:/program files (x86)/atollic/truestudio for stm32 9.3.0/armtools/bin/../lib/gcc/arm-atollic-eabi/6.3.1/armv7-m\libgcc.a(_arm_addsubdf3.o)
 .ARM.attributes
                0x00000dc5       0x1d c:/program files (x86)/atollic/truestudio for stm32 9.3.0/armtools/bin/../lib/gcc/arm-atollic-eabi/6.3.1/armv7-m\libgcc.a(_arm_muldivdf3.o)
 .ARM.attributes
                0x00000de2       0x1d c:/program files (x86)/atollic/truestudio for stm32 9.3.0/armtools/bin/../lib/gcc/arm-atollic-eabi/6.3.1/armv7-m\libgcc.a(_arm_cmpdf2.o)
 .ARM.attributes
                0x00000dff       0x1d c:/program files (x86)/atollic/truestudio for stm32 9.3.0/armtools/bin/../lib/gcc/arm-atollic-eabi/6.3.1/armv7-m\libgcc.a(_arm_unorddf2.o)
 .ARM.attributes
                0x00000e1c       0x1d c:/program files (x86)/atollic/truestudio for stm32 9.3.0/armtools/bin/../lib/gcc/arm-atollic-eabi/6.3.1/armv7-m\libgcc.a(_arm_fixdfsi.o)
 .ARM.attributes
                0x00000e39       0x1d c:/program files (x86)/atollic/truestudio for stm32 9.3.0/armtools/bin/../lib/gcc/arm-atollic-eabi/6.3.1/armv7-m\libgcc.a(_arm_fixunsdfsi.o)
 .ARM.attributes
                0x00000e56       0x1d c:/program files (x86)/atollic/truestudio for stm32 9.3.0/armtools/bin/../lib/gcc/arm-atollic-eabi/6.3.1/armv7-m\libgcc.a(_arm_truncdfsf2.o)
 .ARM.attributes
                0x00000e73       0x1d c:/program files (x86)/atollic/truestudio for stm32 9.3.0/armtools/bin/../lib/gcc/arm-atollic-eabi/6.3.1/armv7-m\libgcc.a(_aeabi_uldivmod.o)
 .ARM.attributes
                0x00000e90       0x2d c:/program files (x86)/atollic/truestudio for stm32 9.3.0/armtools/bin/../lib/gcc/arm-atollic-eabi/6.3.1/armv7-m\libgcc.a(_udivmoddi4.o)
 .ARM.attributes
                0x00000ebd       0x1d c:/program files (x86)/atollic/truestudio for stm32 9.3.0/armtools/bin/../lib/gcc/arm-atollic-eabi/6.3.1/armv7-m\libgcc.a(_dvmd_tls.o)
 .ARM.attributes
                0x00000eda       0x2d c:/program files (x86)/atollic/truestudio for stm32 9.3.0/armtools/bin/../lib/gcc/arm-atollic-eabi/6.3.1/../../../../arm-atollic-eabi/lib/armv7-m\libnosys.a(sbrk.o)
 .ARM.attributes
                0x00000f07       0x1d c:/program files (x86)/atollic/truestudio for stm32 9.3.0/armtools/bin/../lib/gcc/arm-atollic-eabi/6.3.1/armv7-m/crtn.o
OUTPUT(stm32f103_full_op_a7670C.elf elf32-littlearm)

.debug_info     0x00000000     0xf90f
 .debug_info    0x00000000      0x54d Libraries\STM32F10x_StdPeriph_Driver\src\misc.o
 .debug_info    0x0000054d      0x7c8 Libraries\STM32F10x_StdPeriph_Driver\src\stm32f10x_flash.o
 .debug_info    0x00000d15      0x701 Libraries\STM32F10x_StdPeriph_Driver\src\stm32f10x_gpio.o
 .debug_info    0x00001416      0x8b2 Libraries\STM32F10x_StdPeriph_Driver\src\stm32f10x_rcc.o
 .debug_info    0x00001cc8      0x906 Libraries\STM32F10x_StdPeriph_Driver\src\stm32f10x_spi.o
 .debug_info    0x000025ce      0x9fb Libraries\STM32F10x_StdPeriph_Driver\src\stm32f10x_usart.o
 .debug_info    0x00002fc9      0xbe3 src\main.o
 .debug_info    0x00003bac       0x7e src\startup_stm32f10x_md.o
 .debug_info    0x00003c2a      0x2c5 src\stm32f1xx_it.o
 .debug_info    0x00003eef      0x4a7 src\system_stm32f10x.o
 .debug_info    0x00004396      0xc91 src\tiny_printf.o
 .debug_info    0x00005027      0xc4d user\third_party\jsmn\jsmn.o
 .debug_info    0x00005c74      0xd32 user\third_party\ringbuff\ringbuff.o
 .debug_info    0x000069a6      0x87e user\user\driver\hardware.o
 .debug_info    0x00007224      0x321 user\user\driver\led\led.o
 .debug_info    0x00007545      0x414 user\user\driver\spi\spi.o
 .debug_info    0x00007959     0x12b2 user\user\driver\uart\uart.o
 .debug_info    0x00008c0b      0x34d user\user\driver\w25Qx\w25Qx.o
 .debug_info    0x00008f58      0xf1c user\user\gsm\gsm_hardware_layer.o
 .debug_info    0x00009e74     0x1355 user\user\gsm\gsm_http\gsm_http.o
 .debug_info    0x0000b1c9     0x1501 user\user\gsm\gsm_mqtt\gsm_mqtt.o
 .debug_info    0x0000c6ca      0xd2f user\user\gsm\gsm_network\gsm_nw.o
 .debug_info    0x0000d3f9      0xc21 user\user\gsm\gsm_sms\gsm_sms_recive.o
 .debug_info    0x0000e01a      0xbf8 user\user\gsm\gsm_sms\gsm_sms_send.o
 .debug_info    0x0000ec12      0xcfd user\user\gsm\gsm_urc.o

.debug_abbrev   0x00000000     0x30d3