core_cm3.h:930:22:NVIC_EnableIRQ	16	static
core_cm3.h:1014:22:NVIC_SetPriority	16	static
uart.c:15:6:uart_init	48	static
uart.c:82:6:uart_debug_rx_handler	16	static
uart.c:88:6:uart_sim_rx_handler	16	static
uart.c:94:10:uart_debug_read	16	static
uart.c:99:10:uart_sim_read	16	static
uart.c:104:10:uart_debug_available	8	static
uart.c:109:10:uart_sim_available	8	static
uart.c:114:6:uart_send_byte	16	static
uart.c:120:6:uart_send_string	24	static
uart.c:128:6:uart_sim_send_byte	16	static
uart.c:133:6:uart_sim_send_string	24	static
