core_cm3.h:930:22:NVIC_EnableIRQ	16	static
core_cm3.h:1014:22:NVIC_SetPriority	16	static
uart.c:14:6:uart_init	48	static
uart.c:73:6:uart_debug_rx_handler	16	static
uart.c:77:6:uart_sim_rx_handler	16	static
uart.c:83:10:uart_debug_read	16	static
uart.c:87:10:uart_sim_read	16	static
uart.c:91:10:uart_debug_available	8	static
uart.c:95:10:uart_sim_available	8	static
uart.c:99:6:uart_send_byte	16	static
uart.c:104:6:uart_send_string	24	static
uart.c:111:6:uart_sim_send_byte	16	static
uart.c:116:6:uart_sim_send_string	24	static
